{"cells":[{"cell_type":"code","execution_count":4,"id":"8e601485","metadata":{},"outputs":[{"name":"stdout","output_type":"stream","text":["                  Credentialed Accounts\n","ACTIVE  ACCOUNT\n","*       556037941133-compute@developer.gserviceaccount.com\n","\n","To set the active account, run:\n","    $ gcloud config set account `ACCOUNT`\n","\n","[core]\n","account = 556037941133-compute@developer.gserviceaccount.com\n","disable_usage_reporting = True\n","project = information-retrieval-assg3\n","\n","Your active configuration is: [default]\n"]}],"source":["INSTANCE_NAME=\"instance-1\"\n","REGION='us-central1'\n","ZONE='us-central1-c'\n","PROJECT_NAME=\"information-retrieval-assg3\"\n","IP_NAME= PROJECT_NAME + \"-ip\"\n","GOOGLE_ACCOUNT_NAME=\"eithanm\" # without the @post.bgu.ac.il or @gmail.com part\n","\n","# 0. Install Cloud SDK on your local machine or using Could Shell\n","# check that you have a proper active account listed\n","!gcloud auth list \n","# check that the right project and zone are active\n","!gcloud config list\n","\n","\n"]},{"cell_type":"code","execution_count":null,"id":"e93e391d","metadata":{},"outputs":[],"source":["# if not set them\n","# gcloud config set project $PROJECT_NAME\n","!gcloud config set compute/zone $ZONE"]},{"cell_type":"code","execution_count":6,"id":"6912c4e6","metadata":{},"outputs":[{"name":"stdout","output_type":"stream","text":["Created [https://www.googleapis.com/compute/v1/projects/information-retrieval-assg3/regions/us-central1/addresses/information-retrieval-assg3-ip].\n","NAME                            ADDRESS/RANGE   TYPE      PURPOSE  NETWORK  REGION       SUBNET  STATUS\n","information-retrieval-assg3-ip  34.123.208.148  EXTERNAL                    us-central1          RESERVED\n"]}],"source":["# 1. Set up public IP\n","!gcloud compute addresses create $IP_NAME --project=$PROJECT_NAME --region=$REGION\n","!gcloud compute addresses list"]},{"cell_type":"code","execution_count":9,"id":"76fba93b","metadata":{},"outputs":[],"source":["# note the IP address printed above, that's your extrenal IP address.\n","# Enter it here: \n","INSTANCE_IP=\"34.123.208.148\""]},{"cell_type":"code","execution_count":7,"id":"50a67578","metadata":{},"outputs":[{"name":"stdout","output_type":"stream","text":["Creating firewall...⠹Created [https://www.googleapis.com/compute/v1/projects/information-retrieval-assg3/global/firewalls/default-allow-http-8080].\n","Creating firewall...done.                                                      \n","NAME                     NETWORK  DIRECTION  PRIORITY  ALLOW     DENY  DISABLED\n","default-allow-http-8080  default  INGRESS    1000      tcp:8080        False\n"]}],"source":["# 2. Create Firewall rule to allow traffic to port 8080 on the instance\n","!gcloud compute firewall-rules create default-allow-http-8080 \\\n","  --allow tcp:8080 \\\n","  --source-ranges 0.0.0.0/0 \\\n","  --target-tags http-server"]},{"cell_type":"code","execution_count":12,"id":"1bf0e858","metadata":{},"outputs":[{"name":"stdout","output_type":"stream","text":["/home/dataproc\n","Untitled.ipynb\t       run_frontend_in_gcp.sh  startup_script_gcp.sh\r\n","inverted_index_gcp.py  search_backend.py\r\n","page_views_dict.pkl    search_frontend.py\r\n"]}],"source":["%cd /home/dataproc\n","!ls"]},{"cell_type":"code","execution_count":13,"id":"c8fd2a81","metadata":{},"outputs":[{"name":"stdout","output_type":"stream","text":["Created [https://www.googleapis.com/compute/v1/projects/information-retrieval-assg3/zones/us-central1-c/instances/instance-1].\n","NAME        ZONE           MACHINE_TYPE  PREEMPTIBLE  INTERNAL_IP  EXTERNAL_IP     STATUS\n","instance-1  us-central1-c  e2-micro                   10.128.0.56  34.123.208.148  RUNNING\n"]}],"source":["# 3. Create the instance. Change to a larger instance (larger than e2-micro) as needed.\n","!gcloud compute instances create $INSTANCE_NAME \\\n","  --zone=$ZONE \\\n","  --machine-type=e2-micro \\\n","  --network-interface=address=$INSTANCE_IP,network-tier=PREMIUM,subnet=default \\\n","  --metadata-from-file startup-script=startup_script_gcp.sh \\\n","  --scopes=https://www.googleapis.com/auth/cloud-platform \\\n","  --tags=http-server"]},{"cell_type":"code","execution_count":15,"id":"dfabd2fb","metadata":{},"outputs":[{"name":"stdout","output_type":"stream","text":["\u001B[2J\u001B[01;01H\u001B[=3h\u001B[2J\u001B[01;01H\u001B[2J\u001B[01;01H\u001B[=3h\u001B[2J\u001B[01;01HCSM BBS Table full.\n","BdsDxe: loading Boot0001 \"UEFI Google PersistentDisk \" from PciRoot(0x0)/Pci(0x3,0x0)/Scsi(0x1,0x0)\n","BdsDxe: starting Boot0001 \"UEFI Google PersistentDisk \" from PciRoot(0x0)/Pci(0x3,0x0)/Scsi(0x1,0x0)\n","\n","UEFI: Attempting to start image.\n","Description: UEFI Google PersistentDisk \n","FilePath: PciRoot(0x0)/Pci(0x3,0x0)/Scsi(0x1,0x0)\n","OptionNumber: 1.\n","\n","\u001B[0m\u001B[30m\u001B[47mWelcome to GRUB!\n","\n","\u001B[0m\u001B[37m\u001B[40m\u001B[0m\u001B[30m\u001B[40m\u001B[2J\u001B[01;01H\u001B[0m\u001B[37m\u001B[40m\u001B[H\u001B[J\u001B[1;1H\u001B[H\u001B[J\u001B[1;1H\u001B[0m\u001B[30m\u001B[40m\u001B[2J\u001B[01;01H\u001B[0m\u001B[37m\u001B[40m    Booting `Debian GNU/Linux'Booting `Debian GNU/Linux'\n","\n","\n","\n","Loading Linux 5.10.0-19-cloud-amd64 ...Loading Linux 5.10.0-19-cloud-amd64 ...\n","\n","Loading initial ramdisk ...Loading initial ramdisk ...\n","\n","error: no suitable video mode found.\n","error: no suitable video mode found.\n","Booting in blind modeBooting in blind mode\n","\n","[    0.000000] Linux version 5.10.0-19-cloud-amd64 (debian-kernel@lists.debian.org) (gcc-10 (Debian 10.2.1-6) 10.2.1 20210110, GNU ld (GNU Binutils for Debian) 2.35.2) #1 SMP Debian 5.10.149-2 (2022-10-21)\n","[    0.000000] Command line: BOOT_IMAGE=/boot/vmlinuz-5.10.0-19-cloud-amd64 root=UUID=c98c7dfc-87af-4382-a459-55598adf463d ro console=tty0 console=ttyS0,115200 earlyprintk=ttyS0,115200 consoleblank=0\n","[    0.000000] x86/fpu: Supporting XSAVE feature 0x001: 'x87 floating point registers'\n","[    0.000000] x86/fpu: Supporting XSAVE feature 0x002: 'SSE registers'\n","[    0.000000] x86/fpu: Supporting XSAVE feature 0x004: 'AVX registers'\n","[    0.000000] x86/fpu: xstate_offset[2]:  576, xstate_sizes[2]:  256\n","[    0.000000] x86/fpu: Enabled xstate features 0x7, context size is 832 bytes, using 'standard' format.\n","[    0.000000] BIOS-provided physical RAM map:\n","[    0.000000] BIOS-e820: [mem 0x0000000000000000-0x0000000000000fff] reserved\n","[    0.000000] BIOS-e820: [mem 0x0000000000001000-0x0000000000054fff] usable\n","[    0.000000] BIOS-e820: [mem 0x0000000000055000-0x000000000005ffff] reserved\n","[    0.000000] BIOS-e820: [mem 0x0000000000060000-0x0000000000097fff] usable\n","[    0.000000] BIOS-e820: [mem 0x0000000000098000-0x000000000009ffff] reserved\n","[    0.000000] BIOS-e820: [mem 0x0000000000100000-0x000000003f8eefff] usable\n","[    0.000000] BIOS-e820: [mem 0x000000003f8ef000-0x000000003f9eefff] reserved\n","[    0.000000] BIOS-e820: [mem 0x000000003f9ef000-0x000000003faeefff] type 20\n","[    0.000000] BIOS-e820: [mem 0x000000003faef000-0x000000003fb6efff] reserved\n","[    0.000000] BIOS-e820: [mem 0x000000003fb6f000-0x000000003fb7efff] ACPI data\n","[    0.000000] BIOS-e820: [mem 0x000000003fb7f000-0x000000003fbfefff] ACPI NVS\n","[    0.000000] BIOS-e820: [mem 0x000000003fbff000-0x000000003ffdffff] usable\n","[    0.000000] BIOS-e820: [mem 0x000000003ffe0000-0x000000003fffffff] reserved\n","[    0.000000] printk: bootconsole [earlyser0] enabled\n","[    0.000000] NX (Execute Disable) protection: active\n","[    0.000000] efi: EFI v2.70 by EDK II\n","[    0.000000] efi: TPMFinalLog=0x3fbf7000 ACPI=0x3fb7e000 ACPI 2.0=0x3fb7e014 SMBIOS=0x3f9cc000 MEMATTR=0x3e3da118 \n","[    0.000000] secureboot: Secure boot disabled\n","[    0.000000] SMBIOS 2.4 present.\n","[    0.000000] DMI: Google Google Compute Engine/Google Compute Engine, BIOS Google 10/26/2022\n","[    0.000000] Hypervisor detected: KVM\n","[    0.000000] kvm-clock: Using msrs 4b564d01 and 4b564d00\n","[    0.000000] kvm-clock: cpu 0, msr 1a865001, primary cpu clock\n","[    0.000001] kvm-clock: using sched offset of 7446370526 cycles\n","[    0.000791] clocksource: kvm-clock: mask: 0xffffffffffffffff max_cycles: 0x1cd42e4dffb, max_idle_ns: 881590591483 ns\n","[    0.003119] tsc: Detected 2200.208 MHz processor\n","[    0.004076] last_pfn = 0x3ffe0 max_arch_pfn = 0x400000000\n","[    0.004886] x86/PAT: Configuration [0-7]: WB  WC  UC- UC  WB  WP  UC- WT  \n","Memory KASLR using RDRAND RDTSC...\n","[    0.006341] Using GB pages for direct mapping\n","[    0.007198] RAMDISK: [mem 0x364eb000-0x3726cfff]\n","[    0.007818] ACPI: Early table checksum verification disabled\n","[    0.008625] ACPI: RSDP 0x000000003FB7E014 000024 (v02 Google)\n","[    0.009493] ACPI: XSDT 0x000000003FB7D0E8 00005C (v01 Google GOOGFACP 00000001      01000013)\n","[    0.010659] ACPI: FACP 0x000000003FB78000 0000F4 (v02 Google GOOGFACP 00000001 GOOG 00000001)\n","[    0.011859] ACPI: DSDT 0x000000003FB79000 001A64 (v01 Google GOOGDSDT 00000001 GOOG 00000001)\n","[    0.014076] ACPI: FACS 0x000000003FBF2000 000040\n","[    0.014860] ACPI: SSDT 0x000000003FB7C000 000316 (v02 GOOGLE Tpm2Tabl 00001000 INTL 20211217)\n","[    0.016470] ACPI: TPM2 0x000000003FB7B000 000034 (v04 GOOGLE          00000001 GOOG 00000001)\n","[    0.018693] ACPI: SRAT 0x000000003FB77000 0000C8 (v03 Google GOOGSRAT 00000001 GOOG 00000001)\n","[    0.020973] ACPI: APIC 0x000000003FB76000 000076 (v05 Google GOOGAPIC 00000001 GOOG 00000001)\n","[    0.022467] ACPI: SSDT 0x000000003FB75000 000980 (v01 Google GOOGSSDT 00000001 GOOG 00000001)\n","[    0.023785] ACPI: WAET 0x000000003FB74000 000028 (v01 Google GOOGWAET 00000001 GOOG 00000001)\n","[    0.025674] ACPI: Reserving FACP table memory at [mem 0x3fb78000-0x3fb780f3]\n","[    0.027563] ACPI: Reserving DSDT table memory at [mem 0x3fb79000-0x3fb7aa63]\n","[    0.028644] ACPI: Reserving FACS table memory at [mem 0x3fbf2000-0x3fbf203f]\n","[    0.029974] ACPI: Reserving SSDT table memory at [mem 0x3fb7c000-0x3fb7c315]\n","[    0.031646] ACPI: Reserving TPM2 table memory at [mem 0x3fb7b000-0x3fb7b033]\n","[    0.032994] ACPI: Reserving SRAT table memory at [mem 0x3fb77000-0x3fb770c7]\n","[    0.034131] ACPI: Reserving APIC table memory at [mem 0x3fb76000-0x3fb76075]\n","[    0.035616] ACPI: Reserving SSDT table memory at [mem 0x3fb75000-0x3fb7597f]\n","[    0.037014] ACPI: Reserving WAET table memory at [mem 0x3fb74000-0x3fb74027]\n","[    0.038119] SRAT: PXM 0 -> APIC 0x00 -> Node 0\n","[    0.039688] SRAT: PXM 0 -> APIC 0x01 -> Node 0\n","[    0.041777] ACPI: SRAT: Node 0 PXM 0 [mem 0x00000000-0x0009ffff]\n","[    0.043406] ACPI: SRAT: Node 0 PXM 0 [mem 0x00100000-0x3fffffff]\n","[    0.044903] NUMA: Node 0 [mem 0x00000000-0x0009ffff] + [mem 0x00100000-0x3ffdffff] -> [mem 0x00000000-0x3ffdffff]\n","[    0.046934] NODE_DATA(0) allocated [mem 0x3fea7000-0x3fed0fff]\n","[    0.048716] Zone ranges:\n","[    0.049177]   DMA      [mem 0x0000000000001000-0x0000000000ffffff]\n","[    0.050047]   DMA32    [mem 0x0000000001000000-0x000000003ffdffff]\n","[    0.051246]   Normal   empty\n","[    0.051838]   Device   empty\n","[    0.052624] Movable zone start for each node\n","[    0.053334] Early memory node ranges\n","[    0.054276]   node   0: [mem 0x0000000000001000-0x0000000000054fff]\n","[    0.056163]   node   0: [mem 0x0000000000060000-0x0000000000097fff]\n","[    0.057285]   node   0: [mem 0x0000000000100000-0x000000003f8eefff]\n","[    0.058584]   node   0: [mem 0x000000003fbff000-0x000000003ffdffff]\n","[    0.060070] Initmem setup node 0 [mem 0x0000000000001000-0x000000003ffdffff]\n","[    0.061518] On node 0, zone DMA: 1 pages in unavailable ranges\n","[    0.061524] On node 0, zone DMA: 11 pages in unavailable ranges\n","[    0.062752] On node 0, zone DMA: 104 pages in unavailable ranges\n","[    0.066812] On node 0, zone DMA32: 784 pages in unavailable ranges\n","[    0.067723] On node 0, zone DMA32: 32 pages in unavailable ranges\n","[    0.069476] ACPI: PM-Timer IO Port: 0xb008\n","[    0.071413] ACPI: LAPIC_NMI (acpi_id[0xff] dfl dfl lint[0x1])\n","[    0.072419] IOAPIC[0]: apic_id 0, version 17, address 0xfec00000, GSI 0-23\n","[    0.074009] ACPI: INT_SRC_OVR (bus 0 bus_irq 5 global_irq 5 high level)\n","[    0.075305] ACPI: INT_SRC_OVR (bus 0 bus_irq 9 global_irq 9 high level)\n","[    0.076812] ACPI: INT_SRC_OVR (bus 0 bus_irq 10 global_irq 10 high level)\n","[    0.077925] ACPI: INT_SRC_OVR (bus 0 bus_irq 11 global_irq 11 high level)\n","[    0.079452] Using ACPI (MADT) for SMP configuration information\n","[    0.081404] smpboot: Allowing 2 CPUs, 0 hotplug CPUs\n","[    0.082503] PM: hibernation: Registered nosave memory: [mem 0x00000000-0x00000fff]\n","[    0.084346] PM: hibernation: Registered nosave memory: [mem 0x00055000-0x0005ffff]\n","[    0.086054] PM: hibernation: Registered nosave memory: [mem 0x00098000-0x0009ffff]\n","[    0.087445] PM: hibernation: Registered nosave memory: [mem 0x000a0000-0x000fffff]\n","[    0.089309] PM: hibernation: Registered nosave memory: [mem 0x3f8ef000-0x3f9eefff]\n","[    0.090452] PM: hibernation: Registered nosave memory: [mem 0x3f9ef000-0x3faeefff]\n","[    0.091920] PM: hibernation: Registered nosave memory: [mem 0x3faef000-0x3fb6efff]\n","[    0.093366] PM: hibernation: Registered nosave memory: [mem 0x3fb6f000-0x3fb7efff]\n","[    0.094515] PM: hibernation: Registered nosave memory: [mem 0x3fb7f000-0x3fbfefff]\n","[    0.095875] [mem 0x40000000-0xffffffff] available for PCI devices\n","[    0.096996] Booting paravirtualized kernel on KVM\n","[    0.097878] clocksource: refined-jiffies: mask: 0xffffffff max_cycles: 0xffffffff, max_idle_ns: 7645519600211568 ns\n","[    0.104482] setup_percpu: NR_CPUS:8192 nr_cpumask_bits:2 nr_cpu_ids:2 nr_node_ids:1\n","[    0.106377] percpu: Embedded 58 pages/cpu s198616 r8192 d30760 u1048576\n","[    0.108023] kvm-guest: stealtime: cpu 0, msr 3e61be80\n","[    0.108915] kvm-guest: PV spinlocks enabled\n","[    0.109466] PV qspinlock hash table entries: 256 (order: 0, 4096 bytes, linear)\n","[    0.111096] Built 1 zonelists, mobility grouping on.  Total pages: 253995\n","[    0.112333] Policy zone: DMA32\n","[    0.112886] Kernel command line: BOOT_IMAGE=/boot/vmlinuz-5.10.0-19-cloud-amd64 root=UUID=c98c7dfc-87af-4382-a459-55598adf463d ro console=tty0 console=ttyS0,115200 earlyprintk=ttyS0,115200 consoleblank=0\n","[    0.117001] Dentry cache hash table entries: 131072 (order: 8, 1048576 bytes, linear)\n","[    0.119188] Inode-cache hash table entries: 65536 (order: 7, 524288 bytes, linear)\n","[    0.120641] mem auto-init: stack:off, heap alloc:on, heap free:off\n","[    0.124932] Memory: 243816K/1044848K available (12296K kernel code, 2550K rwdata, 6960K rodata, 2444K init, 1744K bss, 102428K reserved, 0K cma-reserved)\n","[    0.127842] SLUB: HWalign=64, Order=0-3, MinObjects=0, CPUs=2, Nodes=1\n","[    0.128744] Kernel/User page tables isolation: enabled\n","[    0.129876] ftrace: allocating 33764 entries in 132 pages\n","[    0.157661] ftrace: allocated 132 pages with 2 groups\n","[    0.159058] rcu: Hierarchical RCU implementation.\n","[    0.159951] rcu: \tRCU restricting CPUs from NR_CPUS=8192 to nr_cpu_ids=2.\n","[    0.160909] \tRude variant of Tasks RCU enabled.\n","[    0.161550] \tTracing variant of Tasks RCU enabled.\n","[    0.162330] rcu: RCU calculated value of scheduler-enlistment delay is 25 jiffies.\n","[    0.163348] rcu: Adjusting geometry for rcu_fanout_leaf=16, nr_cpu_ids=2\n","[    0.170116] NR_IRQS: 524544, nr_irqs: 440, preallocated irqs: 16\n","[    0.171282] random: crng init done\n","[    0.171904] Console: colour dummy device 80x25\n","[    0.172926] printk: console [tty0] enabled\n","[    0.173875] printk: console [ttyS0] enabled\n","[    0.173875] printk: console [ttyS0] enabled\n","[    0.175499] printk: bootconsole [earlyser0] disabled\n","[    0.175499] printk: bootconsole [earlyser0] disabled\n","[    0.178219] ACPI: Core revision 20200925\n","[    0.179024] APIC: Switch to symmetric I/O mode setup\n","[    0.180538] x2apic enabled\n","[    0.184907] Switched APIC routing to physical x2apic.\n","[    0.190715] ..TIMER: vector=0x30 apic1=0 pin1=0 apic2=-1 pin2=-1\n","[    0.192201] clocksource: tsc-early: mask: 0xffffffffffffffff max_cycles: 0x1fb6f76ef03, max_idle_ns: 440795255960 ns\n","[    0.193720] Calibrating delay loop (skipped) preset value.. 4400.41 BogoMIPS (lpj=8800832)\n","[    0.197720] pid_max: default: 32768 minimum: 301\n","[    0.200853] LSM: Security Framework initializing\n","[    0.201732] Yama: disabled by default; enable with sysctl kernel.yama.*\n","[    0.203217] AppArmor: AppArmor initialized\n","[    0.203832] TOMOYO Linux initialized\n","[    0.204601] Mount-cache hash table entries: 2048 (order: 2, 16384 bytes, linear)\n","[    0.205742] Mountpoint-cache hash table entries: 2048 (order: 2, 16384 bytes, linear)\n","Poking KASLR using RDRAND RDTSC...\n","[    0.208797] Last level iTLB entries: 4KB 64, 2MB 8, 4MB 8\n","[    0.209720] Last level dTLB entries: 4KB 64, 2MB 0, 4MB 0, 1GB 4\n","[    0.210789] Spectre V1 : Mitigation: usercopy/swapgs barriers and __user pointer sanitization\n","[    0.212534] Spectre V2 : Mitigation: IBRS\n","[    0.213719] Spectre V2 : Spectre v2 / SpectreRSB mitigation: Filling RSB on context switch\n","[    0.215541] Spectre V2 : Spectre v2 / SpectreRSB : Filling RSB on VMEXIT\n","[    0.217170] RETBleed: Mitigation: IBRS\n","[    0.217723] Spectre V2 : mitigation: Enabling conditional Indirect Branch Prediction Barrier\n","[    0.219868] Speculative Store Bypass: Mitigation: Speculative Store Bypass disabled via prctl and seccomp\n","[    0.221727] MDS: Mitigation: Clear CPU buffers\n","[    0.223294] TAA: Mitigation: Clear CPU buffers\n","[    0.225721] MMIO Stale Data: Vulnerable: Clear CPU buffers attempted, no microcode\n","[    0.240647] Freeing SMP alternatives memory: 32K\n","[    0.352085] smpboot: CPU0: Intel(R) Xeon(R) CPU @ 2.20GHz (family: 0x6, model: 0x4f, stepping: 0x0)\n","[    0.353715] Performance Events: unsupported p6 CPU model 79 no PMU driver, software events only.\n","[    0.353876] rcu: Hierarchical SRCU implementation.\n","[    0.355527] NMI watchdog: Perf NMI watchdog permanently disabled\n","[    0.357861] smp: Bringing up secondary CPUs ...\n","[    0.359589] x86: Booting SMP configuration:\n","[    0.360789] .... node  #0, CPUs:      #1\n","[    0.018446] kvm-clock: cpu 1, msr 1a865041, secondary cpu clock\n","[    0.362632] kvm-guest: stealtime: cpu 1, msr 3e71be80\n","[    0.364685] MDS CPU bug present and SMT on, data leak possible. See https://www.kernel.org/doc/html/latest/admin-guide/hw-vuln/mds.html for more details.\n","[    0.365734] TAA CPU bug present and SMT on, data leak possible. See https://www.kernel.org/doc/html/latest/admin-guide/hw-vuln/tsx_async_abort.html for more details.\n","[    0.369723] MMIO Stale Data CPU bug present and SMT on, data leak possible. See https://www.kernel.org/doc/html/latest/admin-guide/hw-vuln/processor_mmio_stale_data.html for more details.\n","[    0.373789] smp: Brought up 1 node, 2 CPUs\n","[    0.374760] smpboot: Max logical packages: 1\n","[    0.376137] smpboot: Total of 2 processors activated (8800.83 BogoMIPS)\n","[    0.387066] node 0 deferred pages initialised in 8ms\n","[    0.388332] devtmpfs: initialized\n","[    0.388332] x86/mm: Memory block size: 128MB\n","[    0.389886] PM: Registering ACPI NVS region [mem 0x3fb7f000-0x3fbfefff] (524288 bytes)\n","[    0.391482] clocksource: jiffies: mask: 0xffffffff max_cycles: 0xffffffff, max_idle_ns: 7645041785100000 ns\n","[    0.393738] futex hash table entries: 512 (order: 3, 32768 bytes, linear)\n","[    0.395326] NET: Registered protocol family 16\n","[    0.396115] audit: initializing netlink subsys (disabled)\n","[    0.397746] audit: type=2000 audit(1673266838.264:1): state=initialized audit_enabled=0 res=1\n","[    0.397875] thermal_sys: Registered thermal governor 'fair_share'\n","[    0.397875] thermal_sys: Registered thermal governor 'bang_bang'\n","[    0.399366] thermal_sys: Registered thermal governor 'step_wise'\n","[    0.401733] thermal_sys: Registered thermal governor 'user_space'\n","[    0.403311] thermal_sys: Registered thermal governor 'power_allocator'\n","[    0.405730] cpuidle: using governor ladder\n","[    0.407035] cpuidle: using governor menu\n","[    0.407879] ACPI: bus type PCI registered\n","[    0.409727] acpiphp: ACPI Hot Plug PCI Controller Driver version: 0.5\n","[    0.410930] PCI: Using configuration type 1 for base access\n","[    0.414741] Kprobes globally optimized\n","[    0.415516] HugeTLB registered 1.00 GiB page size, pre-allocated 0 pages\n","[    0.417738] HugeTLB registered 2.00 MiB page size, pre-allocated 0 pages\n","[    0.553953] ACPI: Added _OSI(Module Device)\n","[    0.554707] ACPI: Added _OSI(Processor Device)\n","[    0.555425] ACPI: Added _OSI(3.0 _SCP Extensions)\n","[    0.557723] ACPI: Added _OSI(Processor Aggregator Device)\n","[    0.559033] ACPI: Added _OSI(Linux-Dell-Video)\n","[    0.560064] ACPI: Added _OSI(Linux-Lenovo-NV-HDMI-Audio)\n","[    0.561291] ACPI: Added _OSI(Linux-HPI-Hybrid-Graphics)\n","[    0.562787] ACPI: 3 ACPI AML tables successfully acquired and loaded\n","[    0.566866] ACPI: Interpreter enabled\n","[    0.568028] ACPI: (supports S0 S3 S4 S5)\n","[    0.568638] ACPI: Using IOAPIC for interrupt routing\n","[    0.569746] PCI: Using host bridge windows from ACPI; if necessary, use \"pci=nocrs\" and report a bug\n","[    0.572093] ACPI: Enabled 16 GPEs in block 00 to 0F\n","[    0.575892] ACPI: PCI Root Bridge [PCI0] (domain 0000 [bus 00-ff])\n","[    0.577430] acpi PNP0A03:00: _OSC: OS supports [ASPM ClockPM Segments MSI HPX-Type3]\n","[    0.577741] acpi PNP0A03:00: fail to add MMCONFIG information, can't access extended PCI configuration space under this bridge.\n","[    0.582471] PCI host bridge to bus 0000:00\n","[    0.583496] pci_bus 0000:00: root bus resource [io  0x0000-0x0cf7 window]\n","[    0.584974] pci_bus 0000:00: root bus resource [io  0x0d00-0xffff window]\n","[    0.585721] pci_bus 0000:00: root bus resource [mem 0x000a0000-0x000bffff window]\n","[    0.587277] pci_bus 0000:00: root bus resource [mem 0x80000000-0xfebfefff window]\n","[    0.589725] pci_bus 0000:00: root bus resource [bus 00-ff]\n","[    0.590640] pci 0000:00:00.0: [8086:1237] type 00 class 0x060000\n","[    0.595853] pci 0000:00:01.0: [8086:7110] type 00 class 0x060100\n","[    0.624555] pci 0000:00:01.3: [8086:7113] type 00 class 0x068000\n","[    0.653796] pci 0000:00:01.3: quirk: [io  0xb000-0xb03f] claimed by PIIX4 ACPI\n","[    0.655810] pci 0000:00:03.0: [1af4:1004] type 00 class 0x000000\n","[    0.667163] pci 0000:00:03.0: reg 0x10: [io  0xc040-0xc07f]\n","[    0.677727] pci 0000:00:03.0: reg 0x14: [mem 0x80002000-0x8000207f]\n","[    0.704655] pci 0000:00:04.0: [1af4:1000] type 00 class 0x020000\n","[    0.720210] pci 0000:00:04.0: reg 0x10: [io  0xc000-0xc03f]\n","[    0.729728] pci 0000:00:04.0: reg 0x14: [mem 0x80001000-0x8000107f]\n","[    0.759986] pci 0000:00:05.0: [1af4:1002] type 00 class 0x00ff00\n","[    0.773727] pci 0000:00:05.0: reg 0x10: [io  0xc0a0-0xc0bf]\n","[    0.784066] pci 0000:00:05.0: reg 0x14: [mem 0x80000000-0x8000007f]\n","[    0.807520] pci 0000:00:06.0: [1af4:1005] type 00 class 0x00ff00\n","[    0.817727] pci 0000:00:06.0: reg 0x10: [io  0xc080-0xc09f]\n","[    0.825729] pci 0000:00:06.0: reg 0x14: [mem 0x80003000-0x8000303f]\n","[    0.848132] ACPI: PCI Interrupt Link [LNKA] (IRQs 5 *10 11)\n","[    0.851878] ACPI: PCI Interrupt Link [LNKB] (IRQs 5 *10 11)\n","[    0.855534] ACPI: PCI Interrupt Link [LNKC] (IRQs 5 10 *11)\n","[    0.857828] ACPI: PCI Interrupt Link [LNKD] (IRQs 5 10 *11)\n","[    0.861751] ACPI: PCI Interrupt Link [LNKS] (IRQs *9)\n","[    0.863477] iommu: Default domain type: Translated \n","[    0.864661] vgaarb: loaded\n","[    0.865308] Registered efivars operations\n","[    0.865955] NetLabel: Initializing\n","[    0.866721] NetLabel:  domain hash size = 128\n","[    0.867692] NetLabel:  protocols = UNLABELED CIPSOv4 CALIPSO\n","[    0.869762] NetLabel:  unlabeled traffic allowed by default\n","[    0.870622] PCI: Using ACPI for IRQ routing\n","[    0.872106] clocksource: Switched to clocksource kvm-clock\n","[    0.889580] VFS: Disk quotas dquot_6.6.0\n","[    0.890587] VFS: Dquot-cache hash table entries: 512 (order 0, 4096 bytes)\n","[    0.892207] AppArmor: AppArmor Filesystem Enabled\n","[    0.893069] pnp: PnP ACPI init\n","[    0.894365] pnp: PnP ACPI: found 7 devices\n","[    0.900781] clocksource: acpi_pm: mask: 0xffffff max_cycles: 0xffffff, max_idle_ns: 2085701024 ns\n","[    0.902635] NET: Registered protocol family 2\n","[    0.903633] IP idents hash table entries: 16384 (order: 5, 131072 bytes, linear)\n","[    0.905195] tcp_listen_portaddr_hash hash table entries: 512 (order: 1, 8192 bytes, linear)\n","[    0.907086] TCP established hash table entries: 8192 (order: 4, 65536 bytes, linear)\n","[    0.908987] TCP bind hash table entries: 8192 (order: 5, 131072 bytes, linear)\n","[    0.910572] TCP: Hash tables configured (established 8192 bind 8192)\n","[    0.911699] UDP hash table entries: 512 (order: 2, 16384 bytes, linear)\n","[    0.913003] UDP-Lite hash table entries: 512 (order: 2, 16384 bytes, linear)\n","[    0.914467] NET: Registered protocol family 1\n","[    0.915266] NET: Registered protocol family 44\n","[    0.916139] pci_bus 0000:00: resource 4 [io  0x0000-0x0cf7 window]\n","[    0.917057] pci_bus 0000:00: resource 5 [io  0x0d00-0xffff window]\n","[    0.918072] pci_bus 0000:00: resource 6 [mem 0x000a0000-0x000bffff window]\n","[    0.919506] pci_bus 0000:00: resource 7 [mem 0x80000000-0xfebfefff window]\n","[    0.921072] pci 0000:00:00.0: Limiting direct PCI/PCI transfers\n","[    0.922533] PCI: CLS 0 bytes, default 64\n","[    0.923388] Trying to unpack rootfs image as initramfs...\n","[    1.183782] Freeing initrd memory: 13832K\n","[    1.184682] clocksource: tsc: mask: 0xffffffffffffffff max_cycles: 0x1fb6f76ef03, max_idle_ns: 440795255960 ns\n","[    1.186471] clocksource: Switched to clocksource tsc\n","[    1.187654] Initialise system trusted keyrings\n","[    1.188405] Key type blacklist registered\n","[    1.189378] workingset: timestamp_bits=36 max_order=18 bucket_order=0\n","[    1.191917] zbud: loaded\n","[    1.192844] Key type asymmetric registered\n","[    1.193880] Asymmetric key parser 'x509' registered\n","[    1.194612] Block layer SCSI generic (bsg) driver version 0.4 loaded (major 252)\n","[    1.195993] io scheduler mq-deadline registered\n","[    1.197988] Serial: 8250/16550 driver, 4 ports, IRQ sharing enabled\n","[    1.200183] 00:03: ttyS0 at I/O 0x3f8 (irq = 4, base_baud = 115200) is a 16550A\n","[    1.201885] 00:04: ttyS1 at I/O 0x2f8 (irq = 3, base_baud = 115200) is a 16550A\n","[    1.203526] 00:05: ttyS2 at I/O 0x3e8 (irq = 6, base_baud = 115200) is a 16550A\n","[    1.204796] 00:06: ttyS3 at I/O 0x2e8 (irq = 7, base_baud = 115200) is a 16550A\n","[    1.206673] i8042: PNP: PS/2 Controller [PNP0303:KBD,PNP0f13:MOU] at 0x60,0x64 irq 1,12\n","[    1.208258] i8042: Warning: Keylock active\n","[    1.210754] serio: i8042 KBD port at 0x60,0x64 irq 1\n","[    1.211556] serio: i8042 AUX port at 0x60,0x64 irq 12\n","[    1.212551] rtc_cmos 00:00: RTC can wake from S4\n","[    1.214020] rtc_cmos 00:00: registered as rtc0\n","[    1.214857] rtc_cmos 00:00: setting system clock to 2023-01-09T12:20:39 UTC (1673266839)\n","[    1.216636] rtc_cmos 00:00: alarms up to one day, 114 bytes nvram\n","[    1.218359] intel_pstate: CPU model not supported\n","[    1.219400] NET: Registered protocol family 10\n","[    1.230698] Segment Routing with IPv6\n","[    1.231432] mip6: Mobile IPv6\n","[    1.232277] NET: Registered protocol family 17\n","[    1.233230] IPI shorthand broadcast: enabled\n","[    1.234084] sched_clock: Marking stable (1219610397, 14446404)->(1249065327, -15008526)\n","[    1.235984] registered taskstats version 1\n","[    1.237061] Loading compiled-in X.509 certificates\n","[    1.272399] Loaded X.509 cert 'Debian Secure Boot CA: 6ccece7e4c6c0d1f6149f3dd27dfcc5cbb419ea1'\n","[    1.274056] Loaded X.509 cert 'Debian Secure Boot Signer 2022 - linux: 14011249c2675ea8e5148542202005810584b25f'\n","[    1.275990] Key type ._fscrypt registered\n","[    1.276595] Key type .fscrypt registered\n","[    1.277403] Key type fscrypt-provisioning registered\n","[    1.278174] AppArmor: AppArmor sha1 policy hashing enabled\n","[    1.281939] Freeing unused kernel image (initmem) memory: 2444K\n","[    1.297808] Write protecting the kernel read-only data: 22528k\n","[    1.300944] Freeing unused kernel image (text/rodata gap) memory: 2036K\n","[    1.303160] Freeing unused kernel image (rodata/data gap) memory: 1232K\n","[    1.304799] x86/mm: Checked W+X mappings: passed, no W+X pages found.\n","[    1.306164] x86/mm: Checking user space page tables\n","[    1.307134] x86/mm: Checked W+X mappings: passed, no W+X pages found.\n","[    1.308243] Run /init as init process\n","Loading, please wait...\n","Starting version 247.3-7+deb11u1\n","[    1.387785] PCI Interrupt Link [LNKC] enabled at IRQ 11\n","[    1.389094] virtio-pci 0000:00:03.0: virtio_pci: leaving for legacy driver\n","[    1.396189] PCI Interrupt Link [LNKD] enabled at IRQ 10\n","[    1.397991] virtio-pci 0000:00:04.0: virtio_pci: leaving for legacy driver\n","[    1.405820] PCI Interrupt Link [LNKA] enabled at IRQ 10\n","[    1.407270] virtio-pci 0000:00:05.0: virtio_pci: leaving for legacy driver\n","[    1.414624] PCI Interrupt Link [LNKB] enabled at IRQ 11\n","[    1.415880] virtio-pci 0000:00:06.0: virtio_pci: leaving for legacy driver\n","[    1.422369] input: AT Translated Set 2 keyboard as /devices/platform/i8042/serio0/input/input0\n","[    1.513393] SCSI subsystem initialized\n","[    1.514233] virtio_net virtio1 ens4: renamed from eth0\n","[    1.619199] scsi host0: Virtio SCSI HBA\n","[    1.635403] scsi 0:0:1:0: Direct-Access     Google   PersistentDisk   1    PQ: 0 ANSI: 6\n","[    1.676168] sd 0:0:1:0: [sda] 20971520 512-byte logical blocks: (10.7 GB/10.0 GiB)\n","[    1.677454] sd 0:0:1:0: [sda] 4096-byte physical blocks\n","[    1.678765] sd 0:0:1:0: [sda] Write Protect is off\n","[    1.679692] sd 0:0:1:0: [sda] Write cache: enabled, read cache: enabled, doesn't support DPO or FUA\n","[    1.705033]  sda: sda1 sda14 sda15\n","[    1.722246] sd 0:0:1:0: [sda] Attached SCSI disk\n","Begin: Loading essential drivers ... done.\n","Begin: Running /scripts/init-premount ... done.\n","Begin: Mounting root file syste[    1.792811] gce-disk-expand: Resizing partition on \n","m ... Begin: Running /scripts/local-top ... done.\n","Begin: Running /scripts/local-premount ...
[    1.829020]  sda: sda1 sda14 sda15\n","[    1.829373] gce-disk-expand: Disk /dev/sda1 doesn't need resizing.\n","done.\n","Begin: Will now check root file system ... fsck from util-linux 2.36.1\n","[/sbin/fsck.ext4 (1) -- /dev/sda1] fsck.ext4 -a -C0 /dev/sda1 \n","/dev/sda1: clean, 76414/647168 files, 502425/2588667 blocks\n","done.\n","[    1.940302] EXT4-fs (sda1): mounted filesystem with ordered data mode. Opts: (null)\n","done.\n","Begin: Running /scripts/local-bottom ... done.\n","Begin: Running /scripts/init-bottom ... done.\n","[    1.976240] Not activating Mandatory Access Control as /sbin/tomoyo-init does not exist.\n","[    2.205995] systemd[1]: Inserted module 'autofs4'\n","[    2.339644] systemd[1]: systemd 247.3-7+deb11u1 running in system mode. (+PAM +AUDIT +SELINUX +IMA +APPARMOR +SMACK +SYSVINIT +UTMP +LIBCRYPTSETUP +GCRYPT +GNUTLS +ACL +XZ +LZ4 +ZSTD +SECCOMP +BLKID +ELFUTILS +KMOD +IDN2 -IDN +PCRE2 default-hierarchy=unified)\n","[    2.343319] systemd[1]: Detected virtualization kvm.\n","[    2.344027] systemd[1]: Detected architecture x86-64.\n","\n","Welcome to \u001B[1mDebian GNU/Linux 11 (bullseye)\u001B[0m!\n","\n","[    2.364058] systemd[1]: Set hostname to <debian>.\n","[    2.372822] systemd[1]: Initializing machine ID from KVM UUID.\n","[    2.374281] systemd[1]: Installed transient /etc/machine-id file.\n","[    2.656165] systemd[1]: Queued start job for default target Graphical Interface.\n","[    2.660370] systemd[1]: Created slice system-getty.slice.\n","[\u001B[0;32m  OK  \u001B[0m] Created slice \u001B[0;1;39msystem-getty.slice\u001B[0m.\n","[    2.674290] systemd[1]: Created slice system-modprobe.slice.\n","[\u001B[0;32m  OK  \u001B[0m] Created slice \u001B[0;1;39msystem-modprobe.slice\u001B[0m.\n","[    2.686306] systemd[1]: Created slice system-serial\\x2dgetty.slice.\n","[\u001B[0;32m  OK  \u001B[0m] Created slice \u001B[0;1;39msystem-serial\\x2dgetty.slice\u001B[0m.\n","[    2.698237] systemd[1]: Created slice system-systemd\\x2dgrowfs.slice.\n","[\u001B[0;32m  OK  \u001B[0m] Created slice \u001B[0;1;39msystem-systemd\\x2dgrowfs.slice\u001B[0m.\n","[    2.710193] systemd[1]: Created slice User and Session Slice.\n","[\u001B[0;32m  OK  \u001B[0m] Created slice \u001B[0;1;39mUser and Session Slice\u001B[0m.\n","[    2.722022] systemd[1]: Started Dispatch Password Requests to Console Directory Watch.\n","[\u001B[0;32m  OK  \u001B[0m] Started \u001B[0;1;39mDispatch Password …ts to Console Directory Watch\u001B[0m.\n","[    2.734005] systemd[1]: Started Forward Password Requests to Wall Directory Watch.\n","[\u001B[0;32m  OK  \u001B[0m] Started \u001B[0;1;39mForward Password R…uests to Wall Directory Watch\u001B[0m.\n","[    2.746159] systemd[1]: Set up automount Arbitrary Executable File Formats File System Automount Point.\n","[\u001B[0;32m  OK  \u001B[0m] Set up automount \u001B[0;1;39mArbitrary…s File System Automount Point\u001B[0m.\n","[    2.757955] systemd[1]: Reached target Local Encrypted Volumes.\n","[\u001B[0;32m  OK  \u001B[0m] Reached target \u001B[0;1;39mLocal Encrypted Volumes\u001B[0m.\n","[    2.769955] systemd[1]: Reached target Paths.\n","[\u001B[0;32m  OK  \u001B[0m] Reached target \u001B[0;1;39mPaths\u001B[0m.\n","[    2.781928] systemd[1]: Reached target Remote File Systems.\n","[\u001B[0;32m  OK  \u001B[0m] Reached target \u001B[0;1;39mRemote File Systems\u001B[0m.\n","[    2.793906] systemd[1]: Reached target Slices.\n","[\u001B[0;32m  OK  \u001B[0m] Reached target \u001B[0;1;39mSlices\u001B[0m.\n","[    2.805929] systemd[1]: Reached target Swap.\n","[\u001B[0;32m  OK  \u001B[0m] Reached target \u001B[0;1;39mSwap\u001B[0m.\n","[    2.817908] systemd[1]: Reached target System Time Set.\n","[\u001B[0;32m  OK  \u001B[0m] Reached target \u001B[0;1;39mSystem Time Set\u001B[0m.\n","[    2.830110] systemd[1]: Listening on Syslog Socket.\n","[\u001B[0;32m  OK  \u001B[0m] Listening on \u001B[0;1;39mSyslog Socket\u001B[0m.\n","[    2.842098] systemd[1]: Listening on fsck to fsckd communication Socket.\n","[\u001B[0;32m  OK  \u001B[0m] Listening on \u001B[0;1;39mfsck to fsckd communication Socket\u001B[0m.\n","[    2.854013] systemd[1]: Listening on initctl Compatibility Named Pipe.\n","[\u001B[0;32m  OK  \u001B[0m] Listening on \u001B[0;1;39minitctl Compatibility Named Pipe\u001B[0m.\n","[    2.866183] systemd[1]: Listening on Journal Audit Socket.\n","[\u001B[0;32m  OK  \u001B[0m] Listening on \u001B[0;1;39mJournal Audit Socket\u001B[0m.\n","[    2.878102] systemd[1]: Listening on Journal Socket (/dev/log).\n","[\u001B[0;32m  OK  \u001B[0m] Listening on \u001B[0;1;39mJournal Socket (/dev/log)\u001B[0m.\n","[    2.890124] systemd[1]: Listening on Journal Socket.\n","[\u001B[0;32m  OK  \u001B[0m] Listening on \u001B[0;1;39mJournal Socket\u001B[0m.\n","[    2.902957] systemd[1]: Listening on udev Control Socket.\n","[\u001B[0;32m  OK  \u001B[0m] Listening on \u001B[0;1;39mudev Control Socket\u001B[0m.\n","[    2.914102] systemd[1]: Listening on udev Kernel Socket.\n","[\u001B[0;32m  OK  \u001B[0m] Listening on \u001B[0;1;39mudev Kernel Socket\u001B[0m.\n","[    2.927179] systemd[1]: Mounting Huge Pages File System...\n","         Mounting \u001B[0;1;39mHuge Pages File System\u001B[0m...\n","[    2.938973] systemd[1]: Mounting POSIX Message Queue File System...\n","         Mounting \u001B[0;1;39mPOSIX Message Queue File System\u001B[0m...\n","[    2.954968] systemd[1]: Mounting Kernel Debug File System...\n","         Mounting \u001B[0;1;39mKernel Debug File System\u001B[0m...\n","[    2.967113] systemd[1]: Mounting Kernel Trace File System...\n","         Mounting \u001B[0;1;39mKernel Trace File System\u001B[0m...\n","[    2.979257] systemd[1]: Starting Create list of static device nodes for the current kernel...\n","         Starting \u001B[0;1;39mCreate list of st…odes for the current kernel\u001B[0m...\n","[    2.995040] systemd[1]: Starting Load Kernel Module configfs...\n","         Starting \u001B[0;1;39mLoad Kernel Module configfs\u001B[0m...\n","[    3.011242] systemd[1]: Starting Load Kernel Module drm...\n","         Starting \u001B[0;1;39mLoad Kernel Module drm\u001B[0m...\n","[    3.023352] systemd[1]: Starting Load Kernel Module fuse...\n","         Starting \u001B[0;1;39mLoad Kernel Module fuse\u001B[0m...\n","[    3.040160] fuse: init (API version 7.32)\n","[    3.041274] systemd[1]: Condition check resulted in Set Up Additional Binary Formats being skipped.\n","[    3.044080] systemd[1]: Condition check resulted in File System Check on Root Device being skipped.\n","[    3.048856] systemd[1]: Starting Journal Service...\n","         Starting \u001B[0;1;39mJournal Service\u001B[0m...\n","[    3.065403] systemd[1]: Starting Load Kernel Modules...\n","         Starting \u001B[0;1;39mLoad Kernel Modules\u001B[0m...\n","[    3.083182] systemd[1]: Starting Remount Root and Kernel File Systems...\n","         Starting \u001B[0;1;39mRemount Root and Kernel File Systems\u001B[0m...\n","[    3.099193] systemd[1]: Starting Coldplug All udev Devices...\n","         Starting \u001B[0;1;39mColdplug All udev Devices\u001B[0m...\n","[    3.109784] EXT4-fs (sda1): re-mounted. Opts: discard,errors=remount-ro\n","[    3.115980] systemd[1]: Started Journal Service.\n","[\u001B[0;32m  OK  \u001B[0m] Started \u001B[0;1;39mJournal Service\u001B[0m.\n","[\u001B[0;32m  OK  \u001B[0m] Mounted \u001B[0;1;39mHuge Pages File System\u001B[0m.\n","[\u001B[0;32m  OK  \u001B[0m] Mounted \u001B[0;1;39mPOSIX Message Queue File System\u001B[0m.\n","[\u001B[0;32m  OK  \u001B[0m] Mounted \u001B[0;1;39mKernel Debug File System\u001B[0m.\n","[\u001B[0;32m  OK  \u001B[0m] Mounted \u001B[0;1;39mKernel Trace File System\u001B[0m.\n","[\u001B[0;32m  OK  \u001B[0m] Finished \u001B[0;1;39mCreate list of st… nodes for the current kernel\u001B[0m.\n","[\u001B[0;32m  OK  \u001B[0m] Finished \u001B[0;1;39mLoad Kernel Module configfs\u001B[0m.\n","[\u001B[0;32m  OK  \u001B[0m] Finished \u001B[0;1;39mLoad Kernel Module drm\u001B[0m.\n","[\u001B[0;32m  OK  \u001B[0m] Finished \u001B[0;1;39mLoad Kernel Module fuse\u001B[0m.\n","[\u001B[0;32m  OK  \u001B[0m] Finished \u001B[0;1;39mLoad Kernel Modules\u001B[0m.\n","[\u001B[0;32m  OK  \u001B[0m] Finished \u001B[0;1;39mRemount Root and Kernel File Systems\u001B[0m.\n","         Mounting \u001B[0;1;39mFUSE Control File System\u001B[0m...\n","         Mounting \u001B[0;1;39mKernel Configuration File System\u001B[0m...\n","         Starting \u001B[0;1;39mGrow File System on /\u001B[0m...\n","[    3.294223] EXT4-fs (sda1): resizing filesystem from 2588667 to 2588667 blocks\n","         Starting \u001B[0;1;39mFlush Journal to Persistent Storage\u001B[0m...\n","[    3.315484] systemd-journald[189]: Received client request to flush runtime journal.\n","         Starting \u001B[0;1;39mLoad/Save Random Seed\u001B[0m...\n","         Starting \u001B[0;1;39mApply Kernel Variables\u001B[0m...\n","         Starting \u001B[0;1;39mCreate System Users\u001B[0m...\n","[\u001B[0;32m  OK  \u001B[0m] Finished \u001B[0;1;39mColdplug All udev Devices\u001B[0m.\n","[\u001B[0;32m  OK  \u001B[0m] Mounted \u001B[0;1;39mFUSE Control File System\u001B[0m.\n","[\u001B[0;32m  OK  \u001B[0m] Mounted \u001B[0;1;39mKernel Configuration File System\u001B[0m.\n","[\u001B[0;32m  OK  \u001B[0m] Finished \u001B[0;1;39mGrow File System on /\u001B[0m.\n","[\u001B[0;32m  OK  \u001B[0m] Finished \u001B[0;1;39mFlush Journal to Persistent Storage\u001B[0m.\n","[\u001B[0;32m  OK  \u001B[0m] Finished \u001B[0;1;39mLoad/Save Random Seed\u001B[0m.\n","[\u001B[0;32m  OK  \u001B[0m] Finished \u001B[0;1;39mApply Kernel Variables\u001B[0m.\n","[\u001B[0;32m  OK  \u001B[0m] Finished \u001B[0;1;39mCreate System Users\u001B[0m.\n","         Starting \u001B[0;1;39mHelper to synchronize boot up for ifupdown\u001B[0m...\n","         Starting \u001B[0;1;39mCreate Static Device Nodes in /dev\u001B[0m...\n","[\u001B[0;32m  OK  \u001B[0m] Finished \u001B[0;1;39mHelper to synchronize boot up for ifupdown\u001B[0m.\n","[\u001B[0;32m  OK  \u001B[0m] Finished \u001B[0;1;39mCreate Static Device Nodes in /dev\u001B[0m.\n","[\u001B[0;32m  OK  \u001B[0m] Reached target \u001B[0;1;39mLocal File Systems (Pre)\u001B[0m.\n","         Starting \u001B[0;1;39mRule-based Manage…for Device Events and Files\u001B[0m...\n","[\u001B[0;32m  OK  \u001B[0m] Started \u001B[0;1;39mRule-based Manager for Device Events and Files\u001B[0m.\n","[    3.609913] input: Power Button as /devices/LNXSYSTM:00/LNXPWRBN:00/input/input2\n","[    3.625838] ACPI: Power Button [PWRF]\n","[    3.627052] input: Sleep Button as /devices/LNXSYSTM:00/LNXSLPBN:00/input/input3\n","[    3.628734] ACPI: Sleep Button [SLPF]\n","[    3.635652] pstore: Using crash dump compression: deflate\n","[    3.641878] pstore: Registered efi as persistent store backend\n","[    3.648661] tpm_tis MSFT0101:00: 2.0 TPM (device-id 0x9009, rev-id 0)\n","[\u001B[0;32m  OK  \u001B[0m] Found device \u001B[0;1;39m/dev/ttyS0\u001B[0m.\n","[    3.722279] sd 0:0:1:0: Attached scsi generic sg0 type 0\n","[    3.930081] RAPL PMU: API unit is 2^-32 Joules, 0 fixed counters, 10737418240 ms ovfl timer\n","[\u001B[0;32m  OK  \u001B[0m] Found device \u001B[0;1;39mPersistentDisk 15\u001B[0m.\n","         Mounting \u001B[0;1;39m/boot/efi\u001B[0m...\n","[    3.955751] cryptd: max_cpu_qlen set to 1000\n","[    3.985996] AVX2 version of gcm_enc/dec engaged.\n","[    3.987125] AES CTR mode by8 optimization enabled\n","[\u001B[0;32m  OK  \u001B[0m] Found device \u001B[0;1;39mVirtio network device\u001B[0m.\n","[\u001B[0;32m  OK  \u001B[0m] Mounted \u001B[0;1;39m/boot/efi\u001B[0m.\n","[\u001B[0;32m  OK  \u001B[0m] Reached target \u001B[0;1;39mLocal File Systems\u001B[0m.\n","         Starting \u001B[0;1;39mLoad AppArmor profiles\u001B[0m...\n","         Starting \u001B[0;1;39mCommit a transient machine-id on disk\u001B[0m...\n","         Starting \u001B[0;1;39mCreate Volatile Files and Directories\u001B[0m...\n","[\u001B[0;32m  OK  \u001B[0m] Finished \u001B[0;1;39mCreate Volatile Files and Directories\u001B[0m.\n","         Starting \u001B[0;1;39mUpdate UTMP about System Boot/Shutdown\u001B[0m...\n","[\u001B[0;32m  OK  \u001B[0m] Finished \u001B[0;1;39mUpdate UTMP about System Boot/Shutdown\u001B[0m.\n","[\u001B[0;32m  OK  \u001B[0m] Finished \u001B[0;1;39mCommit a transient machine-id on disk\u001B[0m.\n","[    4.263259] audit: type=1400 audit(1673266842.543:2): apparmor=\"STATUS\" operation=\"profile_load\" profile=\"unconfined\" name=\"lsb_release\" pid=303 comm=\"apparmor_parser\"\n","[    4.309055] audit: type=1400 audit(1673266842.587:3): apparmor=\"STATUS\" operation=\"profile_load\" profile=\"unconfined\" name=\"/usr/bin/man\" pid=302 comm=\"apparmor_parser\"\n","[    4.313363] audit: type=1400 audit(1673266842.591:4): apparmor=\"STATUS\" operation=\"profile_load\" profile=\"unconfined\" name=\"man_filter\" pid=302 comm=\"apparmor_parser\"\n","[    4.316858] audit: type=1400 audit(1673266842.595:5): apparmor=\"STATUS\" operation=\"profile_load\" profile=\"unconfined\" name=\"/usr/sbin/haveged\" pid=304 comm=\"apparmor_parser\"\n","[    4.320430] audit: type=1400 audit(1673266842.595:6): apparmor=\"STATUS\" operation=\"profile_load\" profile=\"unconfined\" name=\"man_groff\" pid=302 comm=\"apparmor_parser\"\n","[    4.389223] audit: type=1400 audit(1673266842.667:7): apparmor=\"STATUS\" operation=\"profile_load\" profile=\"unconfined\" name=\"nvidia_modprobe\" pid=305 comm=\"apparmor_parser\"\n","[    4.392383] audit: type=1400 audit(1673266842.671:8): apparmor=\"STATUS\" operation=\"profile_load\" profile=\"unconfined\" name=\"nvidia_modprobe//kmod\" pid=305 comm=\"apparmor_parser\"\n","[    4.448530] audit: type=1400 audit(1673266842.727:9): apparmor=\"STATUS\" operation=\"profile_load\" profile=\"unconfined\" name=\"/usr/sbin/chronyd\" pid=306 comm=\"apparmor_parser\"\n","[\u001B[0;32m  OK  \u001B[0m] Finished \u001B[0;1;39mLoad AppArmor profiles\u001B[0m.\n","[\u001B[0;32m  OK  \u001B[0m] Started \u001B[0;1;39mEntropy Daemon based on the HAVEGE algorithm\u001B[0m.\n","[\u001B[0;32m  OK  \u001B[0m] Reached target \u001B[0;1;39mSystem Initialization\u001B[0m.\n","[\u001B[0;32m  OK  \u001B[0m] Started \u001B[0;1;39mGCE Workload Certificate refresh timer\u001B[0m.\n","[\u001B[0;32m  OK  \u001B[0m] Started \u001B[0;1;39mNSS cache refresh timer\u001B[0m.\n","[\u001B[0;32m  OK  \u001B[0m] Started \u001B[0;1;39mDaily Cleanup of Temporary Directories\u001B[0m.\n","[\u001B[0;32m  OK  \u001B[0m] Listening on \u001B[0;1;39mD-Bus System Message Bus Socket\u001B[0m.\n","[\u001B[0;32m  OK  \u001B[0m] Listening on \u001B[0;1;39mUUID daemon activation socket\u001B[0m.\n","[\u001B[0;32m  OK  \u001B[0m] Reached target \u001B[0;1;39mSockets\u001B[0m.\n","         Starting \u001B[0;1;39mResize root filesystem if needed\u001B[0m...\n","[\u001B[0;32m  OK  \u001B[0m] Started \u001B[0;1;39mifup for ens4\u001B[0m.\n","         Starting \u001B[0;1;39mRaise network interfaces\u001B[0m...\n","[\u001B[0;32m  OK  \u001B[0m] Finished \u001B[0;1;39mResize root filesystem if needed\u001B[0m.\n","[\u001B[0;32m  OK  \u001B[0m] Reached target \u001B[0;1;39mBasic System\u001B[0m.\n","[\u001B[0;32m  OK  \u001B[0m] Started \u001B[0;1;39mRegular background program processing daemon\u001B[0m.\n","[\u001B[0;32m  OK  \u001B[0m] Started \u001B[0;1;39mD-Bus System Message Bus\u001B[0m.\n","         Starting \u001B[0;1;39mRemove Stale Onli…t4 Metadata Check Snapshots\u001B[0m...\n","         Starting \u001B[0;1;39mSystem Logging Service\u001B[0m...\n","         Starting \u001B[0;1;39mUser Login Management\u001B[0m...\n","[\u001B[0;32m  OK  \u001B[0m] Started \u001B[0;1;39mSystem Logging Service\u001B[0m.\n","Jan  9 12:20:43 debian systemd[1]: Mounted Huge Pages File System.\n","Jan  9 12:20:43 debian systemd[1]: Mounted POSIX Message Queue File System.\n","Jan  9 12:20:43 debian systemd[1]: Mounted Kernel Debug File System.\n","Jan  9 12:20:43 debian systemd[1]: Mounted Kernel Trace File System.\n","Jan  9 12:20:43 debian systemd[1]: Finished Create list of static device nodes for the current kernel.\n","Jan  9 12:20:43 debian systemd[1]: modprobe@configfs.service: Succeeded.\n","Jan  9 12:20:43 debian systemd[1]: Finished Load Kernel Module configfs.\n","Jan  9 12:20:43 debian systemd[1]: modprobe@drm.service: Succeeded.\n","Jan  9 12:20:43 debian systemd[1]: Finished Load Kernel Module drm.\n","Jan  9 12:20:43 debian systemd[1]: modprobe@fuse.service: Succeeded.\n","Jan  9 12:20:43 debian systemd[1]: Finished Load Kernel Module fuse.\n","Jan  9 12:20:43 debian systemd[1]: Finished Load Kernel Modules.\n","Jan  9 12:20:43 debian systemd[1]: Finished Remount Root and Kernel File Systems.\n","Jan  9 12:20:43 debian systemd[1]: Mounting FUSE Control File System...\n","Jan  9 12:20:43 debian systemd[1]: Mounting Kernel Configuration File System...\n","Jan  9 12:20:43 debian systemd[1]: Starting Grow File System on /...\n","Jan  9 12:20:43 debian systemd-growfs[198]: Successfully resized \"/\" to 9.8G bytes (3584 bytes lost due to blocksize).\n","Jan  9 12:20:43 debian systemd[1]: Condition check resulted in Rebuild Hardware Database being skipped.\n","Jan  9 12:20:43 debian systemd[1]: Starting Flush Journal to Persistent Storage...\n","Jan  9 12:20:43 debian systemd[1]: Condition check resulted in Platform Persistent Storage Archival being skipped.\n","Jan  9 12:20:43 debian systemd[1]: Starting Load/Save Random Seed...\n","Jan  9 12:20:43 debian systemd[1]: Starting Apply Kernel Variables...\n","Jan  9 12:20:43 debian systemd[1]: Starting Create System Users...\n","Jan  9 12:20:43 debian systemd[1]: Finished Coldplug All udev Devices.\n","Jan  9 12:20:43 debian systemd[1]: Mounted FUSE Control File System.\n","Jan  9 12:20:43 debian systemd-sysusers[202]: Creating group systemd-timesync with gid 999.\n","Jan  9 12:20:43 debian systemd-sysusers[202]: Creating user systemd-timesync (systemd Time Synchronization) with uid 999 and gid 999.\n","Jan  9 12:20:43 debian systemd-sysusers[202]: Creating group systemd-coredump with gid 998.\n","Jan  9 12:20:43 debian systemd-sysusers[202]: Creating user systemd-coredump (systemd Core Dumper) with uid 998 and gid 998.\n","Jan  9 12:20:43 debian systemd[1]: Mounted Kernel Configuration File System.\n","Jan  9 12:20:43 debian systemd[1]: Finished Grow File System on /.\n","Jan  9 12:20:43 debian systemd[1]: Finished Flush Journal to Persistent Storage.\n","Jan  9 12:20:43 debian systemd[1]: Finished Load/Save Random Seed.\n","Jan  9 12:20:43 debian systemd[1]: Finished Apply Kernel Variables.\n","Jan  9 12:20:43 debian systemd[1]: Finished Create System Users.\n","Jan  9 12:20:43 debian systemd[1]: Condition check resulted in First Boot Complete being skipped.\n","Jan  9 12:20:43 debian systemd[1]: Starting Helper to synchronize boot up for ifupdown...\n","Jan  9 12:20:43 debian systemd[1]: Starting Create Static Device Nodes in /dev...\n","Jan  9 12:20:43 debian systemd[1]: Finished Helper to synchronize boot up for ifupdown.\n","Jan  9 12:20:43 debian systemd[1]: Finished Create Static Device Nodes in /dev.\n","Jan  9 12:20:43 debian systemd[1]: Reached target Local File Systems (Pre).\n","Jan  9 12:20:43 debian systemd[1]: Starting Rule-based Manager for Device Events and Files...\n","Jan  9 12:20:43 debian systemd[1]: Started Rule-based Manager for Device Events and Files.\n","Jan  9 12:20:43 debian systemd-udevd[212]: Using default interface naming scheme 'v247'.\n","Jan  9 12:20:43 debian systemd-udevd[212]: ethtool: autonegotiation is unset or enabled, the speed and duplex are not writable.\n","Jan  9 12:20:43 debian systemd[1]: Found device /dev/ttyS0.\n","Jan  9 12:20:43 debian systemd-udevd[215]: ethtool: autonegotiation is unset or enabled, the speed and duplex are not writable.\n","Jan  9 12:20:43 debian systemd[1]: Found device PersistentDisk 15.\n","Jan  9 12:20:43 debian cloud-ifupdown-helper: Generated configuration for ens4\n","Jan  9 12:20:43 debian systemd[1]: Mounting /boot/efi...\n","Jan  9 12:20:43 debian systemd[1]: Found device Virtio network device.\n","Jan  9 12:20:43 debian systemd[1]: Mounted /boot/efi.\n","Jan  9 12:20:43 debian systemd[1]: Reached target Local File Systems.\n","Jan  9 12:20:43 debian systemd[1]: Starting Load AppArmor profiles...\n","Jan  9 12:20:43 debian systemd[1]: Condition check resulted in Store a System Token in an EFI Variable being skipped.\n","Jan  9 12:20:43 debian systemd[1]: Starting Commit a transient machine-id on disk...\n","Jan  9 12:20:43 debian systemd[1]: Starting Create Volatile Files and Directories...\n","Jan  9 12:20:43 debian apparmor.systemd[292]: Restarting AppArmor\n","Jan  9 12:20:43 debian apparmor.systemd[292]: Reloading AppArmor profiles\n","Jan  9 12:20:43 debian systemd[1]: Finished Create Volatile Files and Directories.\n","Jan  9 12:20:43 debian systemd[1]: Starting Update UTMP about System Boot/Shutdown...\n","Jan  9 12:20:43 debian systemd[1]: Finished Update UTMP about System Boot/Shutdown.\n","Jan  9 12:20:43 debian systemd[1]: etc-machine\\x2did.mount: Succeeded.\n","Jan  9 12:20:43 debian systemd[1]: Finished Commit a transient machine-id on disk.\n","Jan  9 12:20:43 debian systemd[1]: Finished Load AppArmor profiles.\n","Jan  9 12:20:43 debian systemd[1]: Started Entropy Daemon based on the HAVEGE algorithm.\n","Jan  9 12:20:43 debian systemd[1]: Reached target System Initialization.\n","Jan  9 12:20:43 debian haveged[307]: haveged: command socket is listening at fd 3\n","Jan  9 12:20:43 debian systemd[1]: Started GCE Workload Certificate refresh timer.\n","Jan  9 12:20:43 debian systemd[1]: Started NSS cache refresh timer.\n","Jan  9 12:20:43 debian systemd[1]: Started Daily Cleanup of Temporary Directories.\n","Jan  9 12:20:43 debian systemd[1]: Listening on D-Bus System Message Bus Socket.\n","Jan  9 12:20:43 debian systemd[1]: Listening on UUID daemon activation socket.\n","Jan  9 12:20:43 debian systemd[1]: Reached target Sockets.\n","Jan  9 12:20:43 debian systemd[1]: Starting Resize root filesystem if needed...\n","Jan  9 12:20:43 debian systemd[1]: Started ifup for ens4.\n","Jan  9 12:20:43 debian google_disk_expand[308]: Checking if filesystem on /dev/sda1 needs resizing\n","Jan  9 12:20:43 debian systemd[1]: Starting Raise network interfaces...\n","Jan  9 12:20:43 debian google_disk_expand[316]: resize2fs 1.46.2 (28-Feb-2021)\n","Jan  9 12:20:43 debian google_disk_expand[316]: The filesystem is already 2588667 (4k) blocks long.  Nothing to do!\n","Jan  9 12:20:43 debian google_disk_expand[308]: Done.\n","Jan  9 12:20:43 debian systemd[1]: google-disk-expand.service: Succeeded.\n","Jan  9 12:20:43 debian systemd[1]: Finished Resize root filesystem if needed.\n","Jan  9 12:20:43 debian systemd[1]: Reached target Basic System.\n","Jan  9 12:20:43 debian systemd[1]: Started Regular background program processing daemon.\n","Jan  9 12:20:43 debian systemd[1]: Started D-Bus System Message Bus.\n","Jan  9 12:20:43 debian systemd[1]: Starting Remove Stale Online ext4 Metadata Check Snapshots...\n","Jan  9 12:20:43 debian systemd[1]: Condition check resulted in getty on tty2-tty6 if dbus and logind are not available being skipped.\n","Jan  9 12:20:43 debian systemd[1]: Starting System Logging Service...\n","Jan  9 12:20:43 debian dhclient[326]: Internet Systems Consortium DHCP Client 4.4.1\n","Jan  9 12:20:43 debian sh[326]: Internet Systems Consortium DHCP Client 4.4.1\n","Jan  9 12:20:43 debian sh[326]: Copyright 2004-2018 Internet Systems Consortium.\n","Jan  9 12:20:43 debian sh[326]: All rights reserved.\n","Jan  9 12:20:43 debian sh[326]: For info, please visit https://www.isc.org/software/dhcp/\n","Jan  9 12:20:43 debian dhclient[326]: Copyright 2004-2018 Internet Systems Consortium.\n","Jan  9 12:20:43 debian dhclient[326]: All rights reserved.\n","Jan  9 12:20:43 debian dhclient[326]: For info, please visit https://www.isc.org/software/dhcp/\n","Jan  9 12:20:43 debian dhclient[326]: \n","Jan  9 12:20:43 debian systemd[1]: Starting User Login Management...\n","Jan  9 12:20:43 debian ifup[315]: ifup: waiting for lock on /run/network/ifstate.ens4\n","Jan  9 12:20:43 debian systemd[1]: Started System Logging Service.\n","Jan  9 12:20:43 debian kernel: [    0.000000] Linux version 5.10.0-19-cloud-amd64 (debian-kernel@lists.debian.org) (gcc-10 (Debian 10.2.1-6) 10.2.1 20210110, [\u001B[0;32m  OK  \u001B[0m] Finished \u001B[0;1;39mRemove Stale Onli…ext4 Metadata Check Snapshots\u001B[0m.\n","GNU ld (GNU Binutils for Debian) 2.35.2) #1 SMP Debian 5.10.149-2 (2022-10-21)\n","Jan  9 12:20:43 debian kernel: [    0.000000] Command line: BOOT_IMAGE=/boot/vmlinuz-5.10.0-19-cloud-amd64 root=UUID=c98c7dfc-87af-4382-a459-55598adf463d ro console=tty0 console=ttyS0,115200 earlyprintk=ttyS0,115200 consoleblank=0\n","Jan  9 12:20:43 debian kernel: [    0.000000] x86/fpu: Supporting XSAVE feature 0x001: 'x87 floating point registers'\n","Jan  9 12:20:43 debian kernel: [    0.000000] x86/fpu: Supporting XSAVE feature 0x002: 'SSE registers'\n","Jan  9 12:20:43 debian kernel: [    0.000000] x86/fpu: Supporting XSAVE feature 0x004: 'AVX registers'\n","Jan  9 12:20:43 debian kernel: [    0.000000] x86/fpu: xstate_offset[2]:  576, xstate_sizes[2]:  256\n","Jan  9 12:20:43 debian kernel: [    0.000000] x86/fpu: Enabled xstate features 0x7, context size is 832 bytes, using 'standard' format.\n","Jan  9 12:20:43 debian kernel: [    0.000000] BIOS-provided physical RAM map:\n","Jan  9 12:20:43 debian kernel: [    0.000000] BIOS-e820: [mem 0x0000000000000000-0x0000000000000fff] reserved\n","Jan  9 12:20:43 debian kernel: [    0.000000] BIOS-e820: [mem 0x0000000000001000-0x0000000000054fff] usable\n","Jan  9 12:20:43 debian kernel: [    0.000000] BIOS-e820: [mem 0x0000000000055000-0x000000000005ffff] reserved\n","Jan  9 12:20:43 debian kernel: [    0.000000] BIOS-e820: [mem 0x0000000000060000-0x0000000000097fff] usable\n","Jan  9 12:20:43 debian kernel: [    0.000000] BIOS-e820: [mem 0x0000000000098000-0x000000000009ffff] reserved\n","Jan  9 12:20:43 debian kernel: [    0.000000] BIOS-e820: [mem 0x0000000000100000-0x000000003f8eefff] usable\n","Jan  9 12:20:43 debian kernel: [    0.000000] BIOS-e820: [mem 0x000000003f8ef000-0x000000003f9eefff] reserved\n","Jan  9 12:20:43 debian kernel: [    0.000000] BIOS-e820: [mem 0x000000003f9ef000-0x000000003faeefff] type 20\n","Jan  9 12:20:43 debian kernel: [    0.000000] BIOS-e820: [mem 0x000000003faef000-0x000000003fb6efff] reserved\n","Jan  9 12:20:43 debian kernel: [    0.000000] BIOS-e820: [mem 0x000000003fb6f000-0x000000003fb7efff] ACPI data\n","Jan  9 12:20:43 debian kernel: [    0.000000] BIOS-e820: [mem 0x000000003fb7f000-0x000000003fbfefff] ACPI NVS\n","Jan  9 12:20:43 debian kernel: [    0.000000] BIOS-e820: [mem 0x000000003fbff000-0x000000003ffdffff] usable\n","Jan  9 12:20:43 debian kernel: [    0.000000] BIOS-e820: [mem 0x000000003ffe0000-0x000000003fffffff] reserved\n","Jan  9 12:20:43 debian kernel: [    0.000000] printk: bootconsole [earlyser0] enabled\n","Jan  9 12:20:43 debian kernel: [    0.000000] NX (Execute Disable) protection: active\n","Jan  9 12:20:43 debian kernel: [    0.000000] efi: EFI v2.70 by EDK II\n","Jan  9 12:20:43 debian kernel: [    0.000000] efi: TPMFinalLog=0x3fbf7000 ACPI=0x3fb7e000 ACPI 2.0=0x3fb7e014 SMBIOS=0x3f9cc000 MEMATTR=0x3e3da118 \n","Jan  9 12:20:43 debian kernel: [    0.000000] secureboot: Secure boot disabled\n","Jan  9 12:20:43 debian kernel: [    0.000000] SMBIOS 2.4 present.\n","Jan  9 12:20:43 debian kernel: [    0.000000] DMI: Google Google Compute Engine/Google Compute Engine, BIOS Google 10/26/2022\n","Jan  9 12:20:43 debian kernel: [    0.000000] Hypervisor detected: KVM\n","Jan  9 12:20:43 debian kernel: [    0.000000] kvm-clock: Using msrs 4b564d01 and 4b564d00\n","Jan  9 12:20:43 debian kernel: [    0.000000] kvm-clock: cpu 0, msr 1a865001, primary cpu clock\n","Jan  9 12:20:43 debian kernel: [    0.000001] kvm-clock: using sched offset of 7446370526 cycles\n","Jan  9 12:20:43 debian kernel: [    0.000791] clocksource: kvm-clock: mask: 0xffffffffffffffff max_cycles: 0x1cd42e4dffb, max_idle_ns: 881590591483 ns\n","Jan  9 12:20:43 debian kernel: [    0.003119] tsc: Detected 2200.208 MHz processor\n","Jan  9 12:20:43 debian kernel: [    0.004061] e820: update [mem 0x00000000-0x00000fff] usable ==> reserved\n","Jan  9 12:20:43 debian kernel: [    0.004066] e820: remove [mem 0x000a0000-0x000fffff] usable\n","Jan  9 12:20:43 debian kernel: [    0.004076] last_pfn = 0x3ffe0 max_arch_pfn = 0x400000000\n","Jan  9 12:20:43 debian kernel: [    0.004847] MTRR default type: write-back\n","Jan  9 12:20:43 debian kernel: [    0.004850] MTRR fixed ranges enabled:\n","Jan  9 12:20:43 debian kernel: [    0.004852]   00000-9FFFF write-back\n","Jan  9 12:20:43 debian kernel: [    0.004853]   A0000-FFFFF uncachable\n","Jan  9 12:20:43 debian kernel: [    0.004854] MTRR variable ranges enabled:\n","Jan  9 12:20:43 debian kernel: [    0.004856]   0 base 000080000000 mask 3FFF80000000 uncachable\n","Jan  9 12:20:43 debian kernel: [    0.004857]   1 disabled\n","Jan  9 12:20:43 debian kernel: [    0.004857]   2 disabled\n","Jan  9 12:20:43 debian kernel: [    0.004858]   3 disabled\n","Jan  9 12:20:43 debian kernel: [    0.004858]   4 disabled\n","Jan  9 12:20:43 debian kernel: [    0.004859]   5 disabled\n","Jan  9 12:20:43 debian kernel: [    0.004860]   6 disabled\n","Jan  9 12:20:43 debian kernel: [    0.004860]   7 disabled\n","Jan  9 12:20:43 debian kernel: [    0.004886] x86/PAT: Configuration [0-7]: WB  WC  UC- UC  WB  WP  UC- WT  \n","Jan  9 12:20:43 debian kernel: [    0.006341] Using GB pages for direct mapping\n","Jan  9 12:20:43 debian kernel: [    0.007198] RAMDISK: [mem 0x364eb000-0x3726cfff]\n","Jan  9 12:20:43 debian kernel: [    0.007818] ACPI: Early table checksum verification disabled\n","Jan  9 12:20:43 debian kernel: [    0.008625] ACPI: RSDP 0x000000003FB7E014 000024 (v02 Google)\n","Jan  9 12:20:43 debian kernel: [    0.009493] ACPI: XSDT 0x000000003FB7D0E8 00005C (v01 Google GOOGFACP 00000001      01000013)\n","Jan  9 12:20:43 debian kernel: [    0.010659] ACPI: FACP 0x000000003FB78000 0000F4 (v02 Google GOOGFACP 00000001 GOOG 00000001)\n","Jan  9 12:20:43 debian kernel: [    0.011859] ACPI: DSDT 0x000000003FB79000 001A64 (v01 Google GOOGDSDT 00000001 GOOG 00000001)\n","Jan  9 12:20:43 debian kernel: [    0.014076] ACPI: FACS 0x000000003FBF2000 000040\n","Jan  9 12:20:43 debian kernel: [    0.014860] ACPI: SSDT 0x000000003FB7C000 000316 (v02 GOOGLE Tpm2Tabl 00001000 INTL 20211217)\n","Jan  9 12:20:43 debian kernel: [    0.016470] ACPI: TPM2 0x000000003FB7B000 000034 (v04 GOOGLE          00000001 GOOG 00000001)\n","Jan  9 12:20:43 debian kernel: [    0.018693] ACPI: SRAT 0x000000003FB77000 0000C8 (v03 Google GOOGSRAT 00000001 GOOG 00000001)\n","Jan  9 12:20:43 debian kernel: [    0.020973] ACPI: APIC 0x000000003FB76000 000076 (v05 Google GOOGAPIC 00000001 GOOG 00000001)\n","Jan  9 12:20:43 debian kernel: [    0.022467] ACPI: SSDT 0x000000003FB75000 000980 (v01 Google GOOGSSDT 00000001 GOOG 00000001)\n","Jan  9 12:20:43 debian kernel: [    0.023785] ACPI: WAET 0x000000003FB74000 000028 (v01 Google GOOGWAET 00000001 GOOG 00000001)\n","Jan  9 12:20:43 debian kernel: [    0.025674] ACPI: Reserving FACP table memory at [mem 0x3fb78000-0x3fb780f3]\n","Jan  9 12:20:43 debian kernel: [    0.027563] ACPI: Reserving DSDT table memory at [mem 0x3fb79000-0x3fb7aa63]\n","Jan  9 12:20:43 debian kernel: [    0.028644] ACPI: Reserving FACS table memory at [mem 0x3fbf2000-0x3fbf203f]\n","Jan  9 12:20:43 debian kernel: [    0.029974] ACPI: Reserving SSDT table memory at [mem 0x3fb7c000-0x3fb7c315]\n","Jan  9 12:20:43 debian kernel: [    0.031646] ACPI: Reserving TPM2 table memory at [mem 0x3fb7b000-0x3fb7b033]\n","Jan  9 12:20:43 debian kernel: [    0.032994] ACPI: Reserving SRAT table memory at [mem 0x3fb77000-0x3fb770c7]\n","Jan  9 12:20:43 debian kernel: [    0.034131] ACPI: Reserving APIC table memory at [mem 0x3fb76000-0x3fb76075]\n","Jan  9 12:20:43 debian kernel: [    0.035616] ACPI: Reserving SSDT table memory at [mem 0x3fb75000-0x3fb7597f]\n","Jan  9 12:20:43 debian kernel: [    0.037014] ACPI: Reserving WAET table memory at [mem 0x3fb74000-0x3fb74027]\n","Jan  9 12:20:43 debian kernel: [    0.038016] ACPI: Local APIC address 0xfee00000\n","Jan  9 12:20:43 debian kernel: [    0.038119] SRAT: PXM 0 -> APIC 0x00 -> Node 0\n","Jan  9 12:20:43 debian kernel: [    0.039688] SRAT: PXM 0 -> APIC 0x01 -> Node 0\n","Jan  9 12:20:43 debian kernel: [    0.041777] ACPI: SRAT: Node 0 PXM 0 [mem 0x00000000-0x0009ffff]\n","Jan  9 12:20:43 debian kernel: [    0.043406] ACPI: SRAT: Node 0 PXM 0 [mem 0x00100000-0x3fffffff]\n","Jan  9 12:20:43 debian kernel: [    0.044903] NUMA: Node 0 [mem 0x00000000-0x0009ffff] + [mem 0x00100000-0x3ffdffff] -> [mem 0x00000000-0x3ffdffff]\n","Jan  9 12:20:43 debian kernel: [    0.046934] NODE_DATA(0) allocated [mem 0x3fea7000-0x3fed0fff]\n","Jan  9 12:20:43 debian kernel: [    0.048716] Zone ranges:\n","Jan  9 12:20:43 debian kernel: [    0.049177]   DMA      [mem 0x0000000000001000-0x0000000000ffffff]\n","Jan  9 12:20:43 debian kernel: [    0.050047]   DMA32    [mem 0x0000000001000000-0x000000003ffdffff]\n","Jan  9 12:20:43 debian kernel: [    0.051246]   Normal   empty\n","Jan[\u001B[0;32m  OK  \u001B[0m] Started \u001B[0;1;39mUser Login Management\u001B[0m.\n","  9 12:20:43 debian kernel: [    0.051838]   Device   empty\n","Jan  9 12:20:43 debian kernel: [    0.052624] Movable zone start for each node\n","Jan  9 12:20:43 debian kernel: [    0.053334] Early memory node ranges\n","Jan  9 12:20:43 debian kernel: [    0.054276]   node   0: [mem 0x0000000000001000-0x0000000000054fff]\n","Jan  9 12:20:43 debian kernel: [    0.056163]   node   0: [mem 0x0000000000060000-0x0000000000097fff]\n","Jan  9 12:20:43 debian kernel: [    0.057285]   node   0: [mem 0x0000000000100000-0x000000003f8eefff]\n","Jan  9 12:20:43 debian kernel: [    0.058584]   node   0: [mem 0x000000003fbff000-0x000000003ffdffff]\n","Jan  9 12:20:43 debian kernel: [    0.060070] Initmem setup node 0 [mem 0x0000000000001000-0x000000003ffdffff]\n","Jan  9 12:20:43 debian kernel: [    0.061469] On node 0 totalpages: 261212\n","Jan  9 12:20:43 debian kernel: [    0.061481]   DMA zone: 64 pages used for memmap\n","Jan  9 12:20:43 debian kernel: [    0.061482]   DMA zone: 3121 pages reserved\n","Jan  9 12:20:43 debian kernel: [    0.061483]   DMA zone: 3980 pages, LIFO batch:0\n","Jan  9 12:20:43 debian kernel: [    0.061485]   DMA32 zone: 4032 pages used for memmap\n","Jan  9 12:20:43 debian kernel: [    0.061486]   DMA32 zone: 257232 pages, LIFO batch:63\n","Jan  9 12:20:43 debian kernel: [    0.061518] On node 0, zone DMA: 1 pages in unavailable ranges\n","Jan  9 12:20:43 debian kernel: [    0.061524] On node 0, zone DMA: 11 pages in unavailable ranges\n","Jan  9 12:20:43 debian kernel: [    0.062752] On node 0, zone DMA: 104 pages in unavailable ranges\n","Jan  9 12:20:43 debian kernel: [    0.066812] On node 0, zone DMA32: 784 pages in unavailable ranges\n","Jan  9 12:20:43 debian kernel: [    0.067723] On node 0, zone DMA32: 32 pages in unavailable ranges\n","Jan  9 12:20:43 debian kernel: [    0.069476] ACPI: PM-Timer IO Port: 0xb008\n","Jan  9 12:20:43 debian kernel: [    0.071389] ACPI: Local APIC address 0xfee00000\n","Jan  9 12:20:43 debian kernel: [    0.071413] ACPI: LAPIC_NMI (acpi_id[0xff] dfl dfl lint[0x1])\n","Jan  9 12:20:43 debian kernel: [    0.072419] IOAPIC[0]: apic_id 0, version 17, address 0xfec00000, GSI 0-23\n","Jan  9 12:20:43 debian kernel: [    0.074009] ACPI: INT_SRC_OVR (bus 0 bus_irq 5 global_irq 5 high level)\n","Jan  9 12:20:43 debian kernel: [    0.075305] ACPI: INT_SRC_OVR (bus 0 bus_irq 9 global_irq 9 high level)\n","Jan  9 12:20:43 debian kernel: [    0.076812] ACPI: INT_SRC_OVR (bus 0 bus_irq 10 global_irq 10 high level)\n","Jan  9 12:20:43 debian kernel: [    0.077925] ACPI: INT_SRC_OVR (bus 0 bus_irq 11 global_irq 11 high level)\n","Jan  9 12:20:43 debian kernel: [    0.079444] ACPI: IRQ5 used by override.\n","Jan  9 12:20:43 debian kernel: [    0.079446] ACPI: IRQ9 used by override.\n","Jan  9 12:20:43 debian kernel: [    0.079447] ACPI: IRQ10 used by override.\n","Jan  9 12:20:43 debian kernel: [    0.079448] ACPI: IRQ11 used by override.\n","Jan  9 12:20:43 debian kernel: [    0.079452] Using ACPI (MADT) for SMP configuration information\n","Jan  9 12:20:43 debian kernel: [    0.081404] smpboot: Allowing 2 CPUs, 0 hotplug CPUs\n","Jan  9 12:20:43 debian kernel: [    0.082503] PM: hibernation: Registered nosave memory: [mem 0x00000000-0x00000fff]\n","Jan  9 12:20:43 debian kernel: [    0.084346] PM: hibernation: Registered nosave memory: [mem 0x00055000-0x0005ffff]\n","Jan  9 12:20:43 debian kernel: [    0.086054] PM: hibernation: Registered nosave memory: [mem 0x00098000-0x0009ffff]\n","Jan  9 12:20:43 debian kernel: [    0.087445] PM: hibernation: Registered nosave memory: [mem 0x000a0000-0x000fffff]\n","Jan  9 12:20:43 debian kernel: [    0.089309] PM: hibernation: Registered nosave memory: [mem 0x3f8ef000-0x3f9eefff]\n","Jan  9 12:20:43 debian kernel: [    0.090452] PM: hibernation: Registered nosave memory: [mem 0x3f9ef000-0x3faeefff]\n","Jan  9 12:20:43 debian kernel: [    0.091920] PM: hibernation: Registered nosave memory: [mem 0x3faef000-0x3fb6efff]\n","Jan  9 12:20:43 debian kernel: [    0.093366] PM: hibernation: Registered nosave memory: [mem 0x3fb6f000-0x3fb7efff]\n","Jan  9 12:20:43 debian kernel: [    0.094515] PM: hibernation: Registered nosave memory: [mem 0x3fb7f000-0x3fbfefff]\n","Jan  9 12:20:43 debian kernel: [    0.095875]          Starting \u001B[0;1;39mGCE Workload Certificate refresh\u001B[0m...\n","[mem 0x40000000-0xffffffff] available for PCI devices\n","Jan  9 12:20:43 debian kernel: [    0.096996] Booting paravirtualized kernel on KVM\n","Jan  9 12:20:43 debian kernel: [    0.097878] clocksource: refined-jiffies: mask: 0xffffffff max_cycles: 0xffffffff, max_idle_ns: 7645519600211568 ns\n","Jan  9 12:20:43 debian kernel: [    0.104482] setup_percpu: NR_CPUS:8192 nr_cpumask_bits:2 nr_cpu_ids:2 nr_node_ids:1\n","Jan  9 12:20:43 debian kernel: [    0.106377] percpu: Embedded 58 pages/cpu s198616 r8192 d30760 u1048576\n","Jan  9 12:20:43 debian kernel: [    0.107969] pcpu-alloc: s198616 r8192 d30760 u1048576 alloc=1*2097152\n","Jan  9 12:20:43 debian kernel: [    0.107971] pcpu-alloc: [0] 0 1 \n","Jan  9 12:20:43 debian kernel: [    0.108023] kvm-guest: stealtime: cpu 0, msr 3e61be80\n","Jan  9 12:20:43 debian kernel: [    0.108915] kvm-guest: PV spinlocks enabled\n","Jan  9 12:20:43 debian kernel: [    0.109466] PV qspinlock hash table entries: 256 (order: 0, 4096 bytes, linear)\n","Jan  9 12:20:43 debian kernel: [    0.111096] Built 1 zonelists, mobility grouping on.  Total pages: 253995\n","Jan  9 12:20:43 debian kernel: [    0.112333] Policy zone: DMA32\n","Jan  9 12:20:43 debian kernel: [    0.112886] Kernel command line: BOOT_IMAGE=/boot/vmlinuz-5.10.0-19-cloud-amd64 root=UUID=c98c7dfc-87af-4382-a459-55598adf463d ro console=tty0 console=ttyS0,115200 earlyprintk=ttyS0,115200 consoleblank=0\n","Jan  9 12:20:43 debian kernel: [    0.117001] Dentry cache hash table entries: 131072 (order: 8, 1048576 bytes, linear)\n","Jan  9 12:20:43 debian kernel: [    0.119188] Inode-cache hash table entries: 65536 (order: 7, 524288 bytes, linear)\n","Jan  9 12:20:43 debian kernel: [    0.120641] mem auto-init: stack:off, heap alloc:on, heap free:off\n","Jan  9 12:20:43 debian kernel: [    0.124932] Memory: 243816K/1044848K available (12296K kernel code, 2550K rwdata, 6960K rodata, 2444K init, 1744K bss, 102428K reserved, 0K cma-reserved)\n","Jan  9 12:20:43 debian kernel: [    0.127842] SLUB: HWalign=64, Order=0-3, MinObjects=0, CPUs=2, Nodes=1\n","Jan  9 12:20:43 debian kernel: [    0.128744] Kernel/User page tables isolation: enabled\n","Jan  9 12:20:43 debian kernel: [    0.129876] ftrace: allocating 33764 entries in 132 pages\n","Jan  9 12:20:43 debian kernel: [    0.157661] ftrace: allocated 132 pages with 2 groups\n","Jan  9 12:20:43 debian kernel: [    0.159058] rcu: Hierarchical RCU implementation.\n","Jan  9 12:20:43 debian kernel: [    0.159951] rcu: \tRCU restricting CPUs from NR_CPUS=8192 to nr_cpu_ids=2.\n","Jan  9 12:20:43 debian kernel: [    0.160909] \tRude variant of Tasks RCU enabled.\n","Jan  9 12:20:43 debian kernel: [    0.161550] \tTracing variant of Tasks RCU enabled.\n","Jan  9 12:20:43 debian kernel: [    0.162330] rcu: RCU calculated value of scheduler-enlistment delay is 25 jiffies.\n","Jan  9 12:20:43 debian kernel: [    0.163348] rcu: Adjusting geometry for rcu_fanout_leaf=16, nr_cpu_ids=2\n","Jan  9 12:20:43 debian kernel: [    0.170116] NR_IRQS: 524544, nr_irqs: 440, preallocated irqs: 16\n","Jan  9 12:20:43 debian kernel: [    0.171282] random: crng init done\n","Jan  9 12:20:43 debian kernel: [    0.171904] Console: colour dummy device 80x25\n","Jan  9 12:20:43 debian kernel: [    0.172926] printk: console [tty0] enabled\n","Jan  9 12:20:43 debian kernel: [    0.173875] printk: console [ttyS0] enabled\n","Jan  9 12:20:43 debian kernel: [    0.175499] printk: bootconsole [earlyser0] disabled\n","Jan  9 12:20:43 debian kernel: [    0.178219] ACPI: Core revision 20200925\n","Jan  9 12:20:43 debian kernel: [    0.179024] APIC: Switch to symmetric I/O mode setup\n","Jan  9 12:20:43 debian kernel: [    0.180538] x2apic enabled\n","Jan  9 12:20:43 debian kernel: [    0.184907] Switched APIC routing to physical x2apic.\n","Jan  9 12:20:43 debian kernel: [    0.190715] ..TIMER: vector=0x30 apic1=0 pin1=0 apic2=-1 pin2=-1\n","Jan  9 12:20:43 debian kernel: [    0.192201] clocksource: tsc-early: mask: 0xffffffffffffffff max_cycles: 0x1fb6f76ef03, max_idle_ns: 440795255960 ns\n","Jan  9 12:20:43 debian kernel: [    0.193720] Calibrating delay loop (skipped) preset value.. 4400.41 BogoMIPS (lpj=8800832)\n","Jan  9 12:20:43 debian kernel: [    0.197720] pid_max: default: 32768 minimum: 301\n","Jan  9 12:20:43 debian kernel: [    0.200853] LSM: Security Framework initializing\n","Jan  9 12:20:43 debian kernel: [    0.201732] Yama: disabled by default; enable with sysctl kernel.yama.*\n","Jan  9 12:20:43 debian kernel: [    0.203217] AppArmor: AppArmor initialized\n","Jan  9 12:20:43 debian kernel: [    0.203832] TOMOYO Linux initialized\n","Jan  9 12:20:43 debian kernel: [    0.204601] Mount-cache hash table entries: 2048 (order: 2, 16384 bytes, linear)\n","Jan  9 12:20:43 debian kernel: [    0.205742] Mountpoint-cache hash table entries: 2048 (order: 2, 16384 bytes, linear)\n","Jan  9 12:20:43 debian kernel: [    0.208797] Last level iTLB entries: 4KB 64, 2MB 8, 4MB 8\n","Jan  9 12:20:43 debian kernel: [    0.209720] Last level dTLB entries: 4KB 64, 2MB 0, 4MB 0, 1GB 4\n","Jan  9 12:20:43 debian kernel: [    0.210789] Spectre V1 : Mitigation: usercopy/swapgs barriers and __user pointer sanitization\n","Jan  9 12:20:43 debian kernel: [    0.212534] Spectre V2 : Mitigation: IBRS\n","Jan  9 12:20:43 debian kernel: [    0.213719] Spectre V2 : Spectre v2 / SpectreRSB mitigation: Filling RSB on context switch\n","Jan  9 12:20:43 debian kernel: [    0.215541] Spectre V2 : Spectre v2 / SpectreRSB : Filling RSB on VMEXIT\n","Jan  9 12:20:43 debian kernel: [    0.217170] RETBleed: Mitigation: IBRS\n","Jan  9 12:20:43 debian kernel: [    0.217723] Spectre V2 : mitigation: Enabling conditional Indirect Branch Prediction Barrier\n","Jan  9 12:20:43 debian kernel: [    0.219868] Speculative Store Bypass: Mitigation: Speculative Store Bypass disabled via prctl and seccomp\n","Jan  9 12:20:43 debian kernel: [    0.221727] MDS: Mitigation: Clear CPU buffers\n","Jan  9 12:20:43 debian kernel: [    0.223294] TAA: Mitigation: Clear CPU buffers\n","Jan  9 12:20:43 debian kernel: [    0.225721] MMIO Stale Data: Vulnerable: Clear CPU buffers attempted, no microcode\n","Jan  9 12:20:43 debian kernel: [    0.240647] Freeing SMP alternatives memory: 32K\n","Jan  9 12:20:43 debian kernel: [    0.352085] smpboot: CPU0: Intel(R) Xeon(R) CPU @ 2.20GHz (family: 0x6, model: 0x4f, stepping: 0x0)\n","Jan  9 12:20:43 debian kernel: [    0.353715] Performance Events: unsupported p6 CPU model 79 no PMU driver, software events only.\n","Jan  9 12:20:43 debian kernel: [    0.353876] rcu: Hierarchical SRCU implementation.\n","Jan  9 12:20:43 debian kernel: [    0.355527] NMI watchdog: Perf NMI watchdog permanently disabled\n","Jan  9 12:20:43 debian kernel: [    0.357861] smp: Bringing up secondary CPUs ...\n","Jan  9 12:20:43 debian kernel: [    0.359589] x86: Booting SMP configuration:\n","Jan  9 12:20:43 debian kernel: [    0.360789] .... node  #0, CPUs:      #1\n","Jan  9 12:20:43 debian kernel: [    0.018446] kvm-clock: cpu 1, msr 1a865041, secondary cpu clock\n","Jan  9 12:20:43 debian kernel: [    0.362632] kvm-guest: stealtime: cpu 1, msr 3e71be80\n","Jan  9 12:20:43 debian kernel: [    0.364685] MDS CPU bug present and SMT on, data leak possible. See https://www.kernel.org/doc/html/latest/admin-guide/hw-vuln/mds.html for more details.\n","Jan  9 12:20:43 debian kernel: [    0.365734] TAA CPU bug present and SMT on, data leak possible. See https://www.kernel.org/doc/html/latest/admin-guide/hw-vuln/tsx_async_abort.html for more details.\n","Jan  9 12:20:43 debian kernel: [    0.369723] MMIO Stale Data CPU bug present and SMT on, data leak possible. See https://www.kernel.org/doc/html/latest/admin-guide/hw-vuln/processor_mmio_stale_data.html for more details.\n","Jan  9 12:20:43 debian kernel: [    0.373789] smp: Brought up 1 node, 2 CPUs\n","Jan  9 12:20:43 debian kernel: [    0.374760] smpboot: Max logical packages: 1\n","Jan  9 12:20:43 debian kernel: [    0.376137] smpboot: Total of 2 processors activated (8800.83 BogoMIPS)\n","Jan  9 12:20:43 debian kernel: [    0.387066] node 0 deferred pages initialised in 8ms\n","Jan  9 12:20:43 debian kernel: [    0.388332] devtmpfs: initialized\n","Jan  9 12:20:43 debian kernel: [    0.388332] x86/mm: Memory block size: 128MB\n","Jan  9 12:20:43 debian kernel: [    0.389886] PM: Registering ACPI NVS region [mem 0x3fb7f000-0x3fbfefff] (524288 bytes)\n","Jan  9 12:20:43 debian kernel: [    0.391482] clocksource: jiffies: mask: 0xf         Starting \u001B[0;1;39mNSS cache refresh\u001B[0m...\n","fffffff max_cycles: 0xffffffff, max_idle_ns: 7645041785100000 ns\n","Jan  9 12:20:43 debian kernel: [    0.393738] futex hash table entries: 512 (order: 3, 32768 bytes, linear)\n","Jan  9 12:20:43 debian kernel: [    0.395326] NET: Registered protocol family 16\n","Jan  9 12:20:43 debian kernel: [    0.396115] audit: initializing netlink subsys (disabled)\n","Jan  9 12:20:43 debian kernel: [    0.397746] audit: type=2000 audit(1673266838.264:1): state=initialized audit_enabled=0 res=1\n","Jan  9 12:20:43 debian kernel: [    0.397875] thermal_sys: Registered thermal governor 'fair_share'\n","Jan  9 12:20:43 debian kernel: [    0.397875] thermal_sys: Registered thermal governor 'bang_bang'\n","Jan  9 12:20:43 debian kernel: [    0.399366] thermal_sys: Registered thermal governor 'step_wise'\n","Jan  9 12:20:43 debian kernel: [    0.401733] thermal_sys: Registered thermal governor 'user_space'\n","Jan  9 12:20:43 debian kernel: [    0.403311] thermal_sys: Registered thermal governor 'power_allocator'\n","Jan  9 12:20:43 debian kernel: [    0.405730] cpuidle: using governor ladder\n","Jan  9 12:20:43 debian kernel: [    0.407035] cpuidle: using governor menu\n","Jan  9 12:20:43 debian kernel: [    0.407879] ACPI: bus type PCI registered\n","Jan  9 12:20:43 debian kernel: [    0.409727] acpiphp: ACPI Hot Plug PCI Controller Driver version: 0.5\n","Jan  9 12:20:43 debian kernel: [    0.410930] PCI: Using configuration type 1 for base access\n","Jan  9 12:20:43 debian kernel: [    0.414741] Kprobes globally optimized\n","Jan  9 12:20:43 debian kernel: [    0.415516] HugeTLB registered 1.00 GiB page size, pre-allocated 0 pages\n","Jan  9 12:20:43 debian kernel: [    0.417738] HugeTLB registered 2.00 MiB page size, pre-allocated 0 pages\n","Jan  9 12:20:43 debian kernel: [    0.553953] ACPI: Added _OSI(Module Device)\n","Jan  9 12:20:43 debian kernel: [    0.554707] ACPI: Added _OSI(Processor Device)\n","Jan  9 12:20:43 debian kernel: [    0.555425] ACPI: Added _OSI(3.0 _SCP Extensions)\n","Jan  9 12:20:43 debian kernel: [    0.557723] ACPI: Added _OSI(Processor Aggregator Device)\n","Jan  9 12:20:43 debian kernel: [    0.559033] ACPI: Added _OSI(Linux-Dell-Video)\n","Jan  9 12:20:43 debian kernel: [    0.560064] ACPI: Added _OSI(Linux-Lenovo-NV-HDMI-Audio)\n","Jan  9 12:20:43 debian kernel: [    0.561291] ACPI: Added _OSI(Linux-HPI-Hybrid-Graphics)\n","Jan  9 12:20:43 debian kernel: [    0.562787] ACPI: 3 ACPI AML tables successfully acquired and loaded\n","Jan  9 12:20:43 debian kernel: [    0.566866] ACPI: Interpreter enabled\n","Jan  9 12:20:43 debian kernel: [    0.568028] ACPI: (supports S0 S3 S4 S5)\n","Jan  9 12:20:43 debian kernel: [    0.568638] ACPI: Using IOAPIC for interrupt routing\n","Jan  9 12:20:43 debian kernel: [    0.569746] PCI: Using host bridge windows from ACPI; if necessary, use \"pci=nocrs\" and report a bug\n","Jan  9 12:20:43 debian kernel: [    0.572093] ACPI: Enabled 16 GPEs in block 00 to 0F\n","Jan  9 12:20:43 debian kernel: [    0.575892] ACPI: PCI Root Bridge [PCI0] (domain 0000 [bus 00-ff])\n","Jan  9 12:20:43 debian kernel: [    0.577430] acpi PNP0A03:00: _OSC: OS supports [ASPM ClockPM Segments MSI HPX-Type3]\n","Jan  9 12:20:43 debian kernel: [    0.577741] acpi PNP0A03:00: fail to add MMCONFIG information, can't access extended PCI configuration space under this bridge.\n","Jan  9 12:20:43 debian kernel: [    0.582471] PCI host bridge to bus 0000:00\n","Jan  9 12:20:43 debian kernel: [    0.583496] pci_bus 0000:00: root bus resource [io  0x0000-0x0cf7 window]\n","Jan  9 12:20:43 debian kernel: [    0.584974] pci_bus 0000:00: root bus resource [io  0x0d00-0xffff window]\n","Jan  9 12:20:43 debian kernel: [    0.585721] pci_bus 0000:00: root bus resource [mem 0x000a0000-0x000bffff window]\n","Jan  9 12:20:43 debian kernel: [    0.587277] pci_bus 0000:00: root bus resource [mem 0x80000000-0xfebfefff window]\n","Jan  9 12:20:43 debian kernel: [    0.589725] pci_bus 0000:00: root bus resource [bus 00-ff]\n","Jan  9 12:20:43 debian kernel: [    0.590640] pci 0000:00:00.0: [8086:1237] type 00 class 0x060000\n","Jan  9 12:20:43 debian kernel: [    0.595853] pci 0000:00:01.0: [8086:7110] type 00 class 0x060100\n","Jan  9 12:20:43 debian kernel: [    0.624555] pci 0000:00:01.3: [8086:7113] type 00 class 0x068000\n","Jan  9 12:20:43 debian kernel: [    0.653796] pci 0000:00:01.3: quirk: [io  0xb000-0xb03f] claimed by PIIX4 ACPI\n","Jan  9 12:20:43 debian kernel: [    0.655810] pci 0000:00:03.0: [1af4:1004] type 00 class 0x000000\n","Jan  9 12:20:43 debian kernel: [    0.667163] pci 0000:00:03.0: reg 0x10: [io  0xc040-0xc07f]\n","Jan  9 12:20:43 debian kernel: [    0.677727] pci 0000:00:03.0: reg 0x14: [mem 0x80002000-0x8000207f]\n","Jan  9 12:20:43 debian kernel: [    0.704655] pci 0000:00:04.0: [1af4:1000] type 00 class 0x020000\n","Jan  9 12:20:43 debian kernel: [    0.720210] pci 0000:00:04.0: reg 0x10: [io  0xc000-0xc03f]\n","Jan  9 12:20:43 debian kernel: [    0.729728] pci 0000:00:04.0: reg 0x14: [mem 0x80001000-0x8000107f]\n","Jan  9 12:20:43 debian kernel: [    0.759986] pci 0000:00:05.0: [1af4:1002] type 00 class 0x00ff00\n","Jan  9 12:20:43 debian kernel: [    0.773727] pci 0000:00:05.0: reg 0x10: [io  0xc0a0-0xc0bf]\n","Jan  9 12:20:43 debian kernel: [    0.784066] pci 0000:00:05.0: reg 0x14: [mem 0x80000000-0x8000007f]\n","Jan  9 12:20:43 debian kernel: [    0.807520] pci 0000:00:06.0: [1af4:1005] type 00 class 0x00ff00\n","Jan  9 12:20:43 debian kernel: [    0.817727] pci 0000:00:06.0: reg 0x10: [io  0xc080-0xc09f]\n","Jan  9 12:20:43 debian kernel: [    0.825729] pci 0000:00:06.0: reg 0x14: [mem 0x80003000-0x8000303f]\n","Jan  9 12:20:43 debian kernel: [    0.848132] ACPI: PCI Interrupt Link [LNKA] (IRQs 5 *10 11)\n","Jan  9 12:20:43 debian kernel: [    0.851878] ACPI: PCI Interrupt Link [LNKB] (IRQs 5 *10 11)\n","Jan  9 12:20:43 debian kernel: [    0.855534] ACPI: PCI Interrupt Link [LNKC] (IRQs 5 10 *11)\n","Jan  9 12:20:43 debian kernel: [    0.857828] ACPI: PCI Interrupt Link [LNKD] (IRQs 5 10 *11)\n","Jan  9 12:20:43 debian kernel: [    0.861751] ACPI: PCI Interrupt Link [LNKS] (IRQs *9)\n","Jan  9 12:20:43 debian kernel: [    0.863477] iommu: Default domain type: Translated \n","Jan  9 12:20:43 debian kernel: [    0.864661] vgaarb: loaded\n","Jan  9 12:20:43 debian kernel: [    0.865308] Registered efivars operations\n","Jan  9 12:20:43 debian kernel: [    0.865955] NetLabel: Initializing\n","Jan  9 12:20:43 debian kernel: [    0.866721] NetLabel:  domain hash size = 128\n","Jan  9 12:20:43 debian kernel: [    0.867692] NetLabel:  protocols = UNLABELED CIPSOv4 CALIPSO\n","Jan  9 12:20:43 debian kernel: [    0.869762] NetLabel:  unlabeled traffic allowed by default\n","Jan  9 12:20:43 debian kernel: [    0.870622] PCI: Using ACPI for IRQ routing\n","Jan  9 12:20:43 debian kernel: [    0.871870] PCI: pci_cache_line_size set to 64 bytes\n","Jan  9 12:20:43 debian kernel: [    0.871997] e820: reserve RAM buffer [mem 0x00055000-0x0005ffff]\n","Jan  9 12:20:43 debian kernel: [    0.871999] e820: reserve RAM buffer [mem 0x00098000-0x0009ffff]\n","Jan  9 12:20:43 debian kernel: [    0.872000] e820: reserve RAM buffer [mem 0x3f8ef000-0x3fffffff]\n","Jan  9 12:20:43 debian kernel: [    0.872001] e820: reserve RAM buffer [mem 0x3ffe0000-0x3fffffff]\n","Jan  9 12:20:43 debian kernel: [    0.872106] clocksource: Switched to clocksource kvm-clock\n","Jan  9 12:20:43 debian kernel: [    0.889580] VFS: Disk quotas dquot_6.6.0\n","Jan  9 12:20:43 debian kernel: [    0.890587] VFS: Dquot-cache hash table entries: 512 (order 0, 4096 bytes)\n","Jan  9 12:20:43 debian kernel: [    0.892207] AppArmor: AppArmor Filesystem Enabled\n","Jan  9 12:20:43 debian kernel: [    0.893069] pnp: PnP ACPI init\n","Jan  9 12:20:43 debian kernel: [    0.893943] pnp 00:00: Plug and Play ACPI device, IDs PNP0b00 (active)\n","Jan  9 12:20:43 debian kernel: [    0.894000] pnp 00:01: Plug and Play ACPI device, IDs PNP0303 (active)\n","Jan  9 12:20:43 debian kernel: [    0.894038] pnp 00:02: Plug and Play ACPI device, IDs PNP0f13 (active)\n","Jan  9 12:20:43 debian kernel: [    0.894081] pnp 00:03: Plug and Play ACPI device, IDs PNP0501 (active)\n","Jan  9 12:20:43 debian kernel: [    0.894118] pnp 00:04: Plug and Play ACPI device, IDs PNP0501 (active)\n","Jan  9 12:20:43 debian kernel: [    0.894153] pnp 00:05: Plug and Play ACPI device, IDs PNP0501 (active)\n","Jan  9 12:20:43 debian kernel: [    0.894186] pnp 00:06: Plug and Play ACPI device, IDs PNP0501 (active)\n","Jan  9 12:20:43 debian kernel: [    0.894365] pnp: PnP ACPI: found 7 devices\n","Jan  9 12:20:43 debian kernel: [    0.900781] clocksource: acpi_pm: mask: 0xffffff max_cycles: 0xffffff, max_idle_ns: 2085701024 ns\n","Jan  9 12:20:43 debian kernel: [    0.902635] NET: Registered protocol family 2\n","Jan  9 12:20:43 debian kernel: [    0.903633] IP idents hash table entries: 16384 (order: 5, 131072 bytes, linear)\n","Jan  9 12:20:43 debian kernel: [    0.905195] tcp_listen_portaddr_hash hash table entries: 512 (order: 1, 8192 bytes, linear)\n","Jan  9 12:20:43 debian kernel: [    0.907086] TCP established hash table entries: 8192 (order: 4, 65536 bytes, linear)\n","Jan  9 12:20:43 debian kernel: [    0.908987] TCP bind hash table entries: 8192 (order: 5, 131072 bytes, linear)\n","Jan  9 12:20:43 debian kernel: [    0.910572] TCP: Hash tables configured (established 8192 bind 8192)\n","Jan  9 12:20:43 debian kernel: [    0.911699] UDP hash table entries: 512 (order: 2, 16[\u001B[0;32m  OK  \u001B[0m] Finished \u001B[0;1;39mRaise network interfaces\u001B[0m.\n","384 bytes, linear)\n","Jan  9 12:20:43 debian kernel: [    0.913003] UDP-Lite hash table entries: 512 (order: 2, 16384 bytes, linear)\n","Jan  9 12:20:43 debian kernel: [    0.914467] NET: Registered protocol family 1\n","Jan  9 12:20:43 debian kernel: [    0.915266] NET: Registered protocol family 44\n","Jan  9 12:20:43 debian kernel: [    0.916139] pci_bus 0000:00: resource 4 [io  0x0000-0x0cf7 window]\n","Jan  9 12:20:43 debian kernel: [    0.917057] pci_bus 0000:00: resource 5 [io  0x0d00-0xffff window]\n","Jan  9 12:20:43 debian kernel: [    0.918072] pci_bus 0000:00: resource 6 [mem 0x000a0000-0x000bffff window]\n","Jan  9 12:20:43 debian kernel: [    0.919506] pci_bus 0000:00: resource 7 [mem 0x80000000-0xfebfefff window]\n","Jan  9 12:20:43 debian kernel: [    0.921072] pci 0000:00:00.0: Limiting direct PCI/PCI transfers\n","Jan  9 12:20:43 debian kernel: [    0.922533] PCI: CLS 0 bytes, default 64\n","Jan  9 12:20:43 debian kernel: [    0.923388] Trying to unpack rootfs image as initramfs...\n","Jan  9 12:20:43 debian kernel: [    1.183782] Freeing initrd memory: 13832K\n","Jan  9 12:20:43 debian kernel: [    1.184682] clocksource: tsc: mask: 0xffffffffffffffff max_cycles: 0x1fb6f76ef03, max_idle_ns: 440795255960 ns\n","Jan  9 12:20:43 debian kernel: [    1.186471] clocksource: Switched to clocksource tsc\n","Jan  9 12:20:43 debian kernel: [    1.187654] Initialise system trusted keyrings\n","Jan  9 12:20:43 debian kernel: [    1.188405] Key type blacklist registered\n","Jan  9 12:20:43 debian kernel: [    1.189378] workingset: timestamp_bits=36 max_order=18 bucket_order=0\n","Jan  9 12:20:43 debian kernel: [    1.191917] zbud: loaded\n","Jan  9 12:20:43 debian kernel: [    1.192844] Key type asymmetric registered\n","Jan  9 12:20:43 debian kernel: [    1.193880] Asymmetric key parser 'x509' registered\n","Jan  9 12:20:43 debian kernel: [    1.194612] Block layer SCSI generic (bsg) driver version 0.4 loaded (major 252)\n","Jan  9 12:20:43 debian kernel: [    1.195993] io scheduler mq-deadline registered\n","Jan  9 12:20:43 debian kernel: [    1.197988] Serial: 8250/16550 driver, 4 ports, IRQ sharing enabled\n","Jan  9 12:20:43 debian kernel: [    1.200183] 00:03: ttyS0 at I/O 0x3f8 (irq = 4, base_baud = 115200) is a 16550A\n","Jan  9 12:20:43 debian kernel: [    1.201885] 00:04: ttyS1 at I/O 0x2f8 (irq = 3, base_baud = 115200) is a 16550A\n","Jan  9 12:20:43 debian kernel: [    1.203526] 00:05: ttyS2 at I/O 0x3e8 (irq = 6, base_baud = 115200) is a 16550A\n","Jan  9 12:20:43 debian kernel: [    1.204796] 00:06: ttyS3 at I/O 0x2e8 (irq = 7, base_baud = 115200) is a 16550A\n","Jan  9 12:20:43 debian kernel: [    1.206673] i8042: PNP: PS/2 Controller [PNP0303:KBD,PNP0f13:MOU] at 0x60,0x64 irq 1,12\n","Jan  9 12:20:43 debian kernel: [    1.208258] i8042: Warning: Keylock active\n","Jan  9 12:20:43 debian kernel: [    1.210754] serio: i8042 KBD port at 0x60,0x64 irq 1\n","Jan  9 12:20:43 debian kernel: [    1.211556] serio: i8042 AUX port at 0x60,0x64 irq 12\n","Jan  9 12:20:43 debian kernel: [    1.212551] rtc_cmos 00:00: RTC can wake from S4\n","Jan  9 12:20:43 debian kernel: [    1.214020] rtc_cmos 00:00: registered as rtc0\n","Jan  9 12:20:43 debian kernel: [    1.214857] rtc_cmos 00:00: setting system clock to 2023-01-09T12:20:39 UTC (1673266839)\n","Jan  9 12:20:43 debian kernel: [    1.216636] rtc_cmos 00:00: alarms up to one day, 114 bytes nvram\n","Jan  9 12:20:43 debian kernel: [    1.218359] intel_pstate: CPU model not supported\n","Jan  9 12:20:43 debian kernel: [    1.219400] NET: Registered protocol family 10\n","Jan  9 12:20:43 debian kernel: [    1.230698] Segment Routing with IPv6\n","Jan  9 12:20:43 debian kernel: [    1.231432] mip6: Mobile IPv6\n","Jan  9 12:20:43 debian kernel: [    1.232277] NET: Registered protocol family 17\n","Jan  9 12:20:43 debian kernel: [    1.233230] IPI shorthand broadcast: enabled\n","Jan  9 12:20:43 debian kernel: [    1.234084] sched_clock: Marking stable (1219610397, 14446404)->(1249065327, -15008526)\n","Jan  9 12:20:43 debian kernel: [    1.235984] registered taskstats version 1\n","Jan  9 12:20:43 debian kernel: [    1.237061] Loading compiled-in X.509 certificates\n","Jan  9 12:20:43 debian kernel: [    1.272399] Loaded X.509 cert 'Debian Secure Boot CA: 6ccece7e4c6c0d1f6149f3dd27dfcc5cbb419ea1'\n","Jan  9 12:20:43 debian kernel: [    1.274056] Loaded X.509 cert 'Debian Secure Boot Signer 2022 - linux: 14011249c2675ea8e5148542202005810584b25f'\n","Jan  9 12:20:43 debian kernel: [    1.275990] Key type ._fscrypt registered\n","Jan  9 12:20:43 debian kernel: [    1.276595] Key type .fscrypt registered\n","Jan  9 12:20:43 debian kernel: [    1.277403] Key type fscrypt-provisioning registered\n","Jan  9 12:20:43 debian kernel: [    1.278174] AppArmor: AppArmor sha1 policy hashing enabled\n","Jan  9 12:20:43 debian kernel: [    1.281939] Freeing unused kernel image (initmem) memory: 2444K\n","Jan  9 12:20:43 debian kernel: [    1.297808] Write protecting the kernel read-only data: 22528k\n","Jan  9 12:20:43 debian kernel: [    1.300944] Freeing unused kernel image (text/rodata gap) memory: 2036K\n","Jan  9 12:20:43 debian kernel: [    1.303160] Freeing unused kernel image (rodata/data gap) memory: 1232K\n","Jan  9 12:20:43 debian kernel: [    1.304799] x86/mm: Checked W+X mappings: passed, no W+X pages found.\n","Jan  9 12:20:43 debian kernel: [    1.306164] x86/mm: Checking user space page tables\n","Jan  9 12:20:43 debian kernel: [    1.307134] x86/mm: Checked W+X mappings: passed, no W+X pages found.\n","Jan  9 12:20:43 debian kernel: [    1.308243] Run /init as init process\n","Jan  9 12:20:43 debian kernel: [    1.308927]   with arguments:\n","Jan  9 12:20:43 debian kernel: [    1.308928]     /init\n","Jan  9 12:20:43 debian kernel: [    1.308928]   with environment:\n","Jan  9 12:20:43 debian kernel: [    1.308929]     HOME=/\n","Jan  9 12:20:43 debian kernel: [    1.308930]     TERM=linux\n","Jan  9 12:20:43 debian kernel: [    1.308943]     BOOT_IMAGE=/boot/vmlinuz-5.10.0-19-cloud-amd64\n","Jan  9 12:20:43 debian kernel: [    1.387785] PCI Interrupt Link [LNKC] enabled at IRQ 11\n","Jan  9 12:20:43 debian kernel: [    1.389094] virtio-pci 0000:00:03.0: virtio_pci: leaving for legacy driver\n","Jan  9 12:20:43 debian kernel: [    1.396189] PCI Interrupt Link [LNKD] enabled at IRQ 10\n","Jan  9 12:20:43 debian kernel: [    1.397991] virtio-pci 0000:00:04.0: virtio_pci: leaving for legacy driver\n","Jan  9 12:20:43 debian kernel: [    1.405820] PCI Interrupt Link [LNKA] enabled at IRQ 10\n","Jan  9 12:20:43 debian kernel: [    1.407270] virtio-pci 0000:00:05.0: virtio_pci: leaving for legacy driver\n","Jan  9 12:20:43 debian kernel: [    1.414624] PCI Interrupt Link [LNKB] enabled at IRQ 11\n","Jan  9 12:20:43 debian kernel: [    1.415880] virtio-pci 0000:00:06.0: virtio_pci: leaving for legacy driver\n","Jan  9 12:20:43 debian kernel: [    1.422369] input: AT Translated Set 2 keyboard as /devices/platform/i8042/serio0/input/input0\n","Jan  9 12:20:43 debian kernel: [    1.513393] SCSI subsystem initialized\n","Jan  9 12:20:43 debian kernel: [    1.514233] virtio_net virtio1 ens4: renamed from eth0\n","Jan  9 12:20:43 debian kernel: [    1.619199] scsi host0: Virtio SCSI HBA\n","Jan  9 12:20:43 debian kernel: [    1.635403] scsi 0:0:1:0: Direct-Access     Google   PersistentDisk   1    PQ: 0 ANSI: 6\n","Jan  9 12:20:43 debian kernel: [    1.676168] sd 0:0:1:0: [sda] 20971520 512-byte logical blocks: (10.7 GB/10.0 GiB)\n","Jan  9 12:20:43 debian kernel: [    1.677454] sd 0:0:1:0: [sda] 4096-byte physical blocks\n","Jan  9 12:20:43 debian kernel: [    1.678765] sd 0:0:1:0: [sda] Write Protect is off\n","Jan  9 12:20:43 debian kernel: [    1.679574] sd 0:0:1:0: [sda] Mode Sense: 1f 00 00 08\n","Jan  9 12:20:43 debian kernel: [    1.679692] sd 0:0:1:0: [sda] Write cache: enabled, read cache: enabled, doesn't support DPO or FUA\n","Jan  9 12:20:43 debian kernel: [    1.705033]  sda: sda1 sda14 sda15\n","Jan  9 12:20:43 debian kernel: [    1.722246] sd 0:0:1:0: [sda] Attached SCSI disk\n","Jan  9 12:20:43 debian kernel: [    1.829020]  sda: sda1 sda14 sda15\n","Jan  9 12:20:43 debian kernel: [    1.940302] EXT4-fs (sda1): mounted filesystem with ordered data mode. Opts: (null)\n","Jan  9 12:20:43 debian kernel: [    1.976240] Not activating Mandatory Access Control as /sbin/tomoyo-init does not exist.\n","Jan  9 12:20:43 debian kernel: [    3.040160] fuse: init (API version 7.32)\n","Jan  9 12:20:43 debian kernel: [    3.109784] [\u001B[0;32m  OK  \u001B[0m] Finished \u001B[0;1;39mGCE Workload Certificate refresh\u001B[0m.\n","EXT4-fs (sda1): re-mounted. Opts: discard,errors=remount-ro\n","Jan  9 12:20:43 debian kernel: [    3.294223] EXT4-fs (sda1): resizing filesystem from 2588667 to 2588667 blocks\n","Jan  9 12:20:43 debian kernel: [    3.609913] input: Power Button as /devices/LNXSYSTM:00/LNXPWRBN:00/input/input2\n","Jan  9 12:20:43 debian kernel: [    3.625838] ACPI: Power Button [PWRF]\n","Jan  9 12:20:43 debian kernel: [    3.627052] input: Sleep Button as /devices/LNXSYSTM:00/LNXSLPBN:00/input/input3\n","Jan  9 12:20:43 debian kernel: [    3.628734] ACPI: Sleep Button [SLPF]\n","Jan  9 12:20:43 debian kernel: [    3.635652] pstore: Using crash dump compression: deflate\n","Jan  9 12:20:43 debian kernel: [    3.641878] pstore: Registered efi as persistent store backend\n","Jan  9 12:20:43 debian kernel: [    3.648661] tpm_tis MSFT0101:00: 2.0 TPM (device-id 0x9009, rev-id 0)\n","Jan  9 12:20:43 debian kernel: [    3.722279] sd 0:0:1:0: Attached scsi generic sg0 type 0\n","Jan  9 12:20:43 debian kernel: [    3.930081] RAPL PMU: API unit is 2^-32 Joules, 0 fixed counters, 10737418240 ms ovfl timer\n","Jan  9 12:20:43 debian kernel: [    3.955751] cryptd: max_cpu_qlen set to 1000\n","Jan  9 12:20:43 debian kernel: [    3.985996] AVX2 version of gcm_enc/dec engaged.\n","Jan  9 12:20:43 debian kernel: [    3.987125] AES CTR mode by8 optimization enabled\n","Jan  9 12:20:43 debian kernel: [    4.263259] audit: type=1400 audit(1673266842.543:2): apparmor=\"STATUS\" operation=\"profile_load\" profile=\"unconfined\" name=\"lsb_release\" pid=303 comm=\"apparmor_parser\"\n","Jan  9 12:20:43 debian kernel: [    4.309055] audit: type=1400 audit(1673266842.587:3): apparmor=\"STATUS\" operation=\"profile_load\" profile=\"unconfined\" name=\"/usr/bin/man\" pid=302 comm=\"apparmor_parser\"\n","Jan  9 12:20:43 debian kernel: [    4.313363] audit: type=1400 audit(1673266842.591:4): apparmor=\"STATUS\" operation=\"profile_load\" profile=\"unconfined\" name=\"man_filter\" pid=302 comm=\"apparmor_parser\"\n","Jan  9 12:20:43 debian kernel: [    4.316858] audit: type=1400 audit(1673266842.595:5): apparmor=\"STATUS\" operation=\"profile_load\" profile=\"unconfined\" name=\"/usr/sbin/haveged\" pid=304 comm=\"apparmor_parser\"\n","Jan  9 12:20:43 debian kernel: [    4.320430] audit: type=1400 audit(1673266842.595:6): apparmor=\"STATUS\" operation=\"profile_load\" profile=\"unconfined\" name=\"man_groff\" pid=302 comm=\"apparmor_parser\"\n","Jan  9 12:20:43 debian kernel: [    4.389223] audit: type=1400 audit(1673266842.667:7): apparmor=\"STATUS\" operation=\"profile_load\" profile=\"unconfined\" name=\"nvidia_modprobe\" pid=305 comm=\"apparmor_parser\"\n","Jan  9 12:20:43 debian kernel: [    4.392383] audit: type=1400 audit(1673266842.671:8): apparmor=\"STATUS\" operation=\"profile_load\" profile=\"unconfined\" name=\"nvidia_modprobe//kmod\" pid=305 comm=\"apparmor_parser\"\n","Jan  9 12:20:43 debian kernel: [    4.448530] audit: type=1400 audit(1673266842.727:9): apparmor=\"STATUS\" operation=\"profile_load\" profile=\"unconfined\" name=\"/usr/sbin/chronyd\" pid=306 comm=\"apparmor_parser\"\n","Jan  9 12:20:43 debian dhclient[326]: Listening on LPF/ens4/42:01:0a:80:00:38\n","Jan  9 12:20:43 debian sh[326]: Listening on LPF/ens4/42:01:0a:80:00:38\n","Jan  9 12:20:43 debian sh[326]: Sending on   LPF/ens4/42:01:0a:80:00:38\n","Jan  9 12:20:43 debian sh[326]: Sending on   Socket/fallback\n","Jan  9 12:20:43 debian sh[326]: Created duid \"\\000\\001\\000\\001+N\\303\\033B\\001\\012\\200\\0008\".\n","Jan  9 12:20:43 debian sh[326]: DHCPDISCOVER on ens4 to 255.255.255.255 port 67 interval 7\n","Jan  9 12:20:43 debian dhclient[326]: Sending on   LPF/ens4/42:01:0a:80:00:38\n","Jan  9 12:20:43 debian dhclient[326]: Sending on   Socket/fallback\n","Jan  9 12:20:43 debian dhclient[326]: Created duid \"\\000\\001\\000\\001+N\\303\\033B\\001\\012\\200\\0008\".\n","Jan  9 12:20:43 debian dhclient[326]: DHCPDISCOVER on ens4 to 255.255.255.255 port 67 interval 7\n","Jan  9 12:20:43 debian dhclient[326]: DHCPOFFER of 10.128.0.56 from 169.254.169.254\n","Jan  9 12:20:43 debian sh[326]: DHCPOFFER of 10.128.0.56 from 169.254.169.254\n","Jan  9 12:20:43 debian sh[326]: DHCPREQUEST for 10.128.0.56 on ens4 to 255.255.255.255 port 67\n","Jan  9 12:20:43 debian dhclient[326]: DHCPREQUEST for 10.128.0.56 on ens4 to 255.255.255.255 port 67\n","Jan  9 12:20:43 debian dhclient[326]: DHCPACK of 10.128.0.56 from 169.254.169.254\n","Jan  9 12:20:43 debian sh[326]: DHCPACK of 10.128.0.56 from 169.254.169.254\